<?xml version="1.0" encoding="ISO-8859-1" ?>
<link_info>
   <banner>TMS320C2000 Linker PC v22.6.1.LTS</banner>
   <copyright>Copyright (c) 1996-2018 Texas Instruments Incorporated</copyright>
   <link_time>0x68137ff3</link_time>
   <link_errors>0x0</link_errors>
   <output_file>3PH_GAN_INV_SW_CPU1.out</output_file>
   <entry_point>
      <name>code_start</name>
      <address>0x0</address>
   </entry_point>
   <input_file_list>
      <input_file id="fl-5">
         <path>.\src\common\</path>
         <kind>object</kind>
         <file>data_types.obj</file>
         <name>data_types.obj</name>
      </input_file>
      <input_file id="fl-6">
         <path>.\src\common\</path>
         <kind>object</kind>
         <file>math_utils.obj</file>
         <name>math_utils.obj</name>
      </input_file>
      <input_file id="fl-7">
         <path>.\src\control\</path>
         <kind>object</kind>
         <file>foc_control.obj</file>
         <name>foc_control.obj</name>
      </input_file>
      <input_file id="fl-8">
         <path>.\src\control\</path>
         <kind>object</kind>
         <file>mpc_control.obj</file>
         <name>mpc_control.obj</name>
      </input_file>
      <input_file id="fl-9">
         <path>.\src\peripherals\</path>
         <kind>object</kind>
         <file>adc_driver.obj</file>
         <name>adc_driver.obj</name>
      </input_file>
      <input_file id="fl-a">
         <path>.\src\peripherals\</path>
         <kind>object</kind>
         <file>cla_driver.obj</file>
         <name>cla_driver.obj</name>
      </input_file>
      <input_file id="fl-b">
         <path>.\src\peripherals\</path>
         <kind>object</kind>
         <file>cmpss_driver.obj</file>
         <name>cmpss_driver.obj</name>
      </input_file>
      <input_file id="fl-c">
         <path>.\src\peripherals\</path>
         <kind>object</kind>
         <file>peripheral_setup.obj</file>
         <name>peripheral_setup.obj</name>
      </input_file>
      <input_file id="fl-d">
         <path>.\src\peripherals\</path>
         <kind>object</kind>
         <file>pwm_driver.obj</file>
         <name>pwm_driver.obj</name>
      </input_file>
      <input_file id="fl-2a">
         <path>C:\ti\ccs2010\ccs\tools\compiler\ti-cgt-c2000_22.6.1.LTS\lib\</path>
         <kind>archive</kind>
         <file>rts2800_fpu32_eabi.lib</file>
         <name>pre_init.c.obj</name>
      </input_file>
      <input_file id="fl-2c">
         <path>C:\ti\ccs2010\ccs\tools\compiler\ti-cgt-c2000_22.6.1.LTS\lib\</path>
         <kind>archive</kind>
         <file>rts2800_fpu32_eabi.lib</file>
         <name>copy_zero_init.c.obj</name>
      </input_file>
      <input_file id="fl-2d">
         <path>C:\ti\ccs2010\ccs\tools\compiler\ti-cgt-c2000_22.6.1.LTS\lib\</path>
         <kind>archive</kind>
         <file>rts2800_fpu32_eabi.lib</file>
         <name>copy_decompress_none.c.obj</name>
      </input_file>
      <input_file id="fl-2e">
         <path>C:\ti\ccs2010\ccs\tools\compiler\ti-cgt-c2000_22.6.1.LTS\lib\</path>
         <kind>archive</kind>
         <file>rts2800_fpu32_eabi.lib</file>
         <name>copy_decompress_lzss.c.obj</name>
      </input_file>
      <input_file id="fl-30">
         <path>C:\ti\ccs2010\ccs\tools\compiler\ti-cgt-c2000_22.6.1.LTS\lib\</path>
         <kind>archive</kind>
         <file>rts2800_fpu32_eabi.lib</file>
         <name>_lock.c.obj</name>
      </input_file>
      <input_file id="fl-32">
         <path>C:\ti\ccs2010\ccs\tools\compiler\ti-cgt-c2000_22.6.1.LTS\lib\</path>
         <kind>archive</kind>
         <file>rts2800_fpu32_eabi.lib</file>
         <name>memset.c.obj</name>
      </input_file>
      <input_file id="fl-33">
         <path>C:\ti\ccs2010\ccs\tools\compiler\ti-cgt-c2000_22.6.1.LTS\lib\</path>
         <kind>archive</kind>
         <file>rts2800_fpu32_eabi.lib</file>
         <name>cpy_tbl.c.obj</name>
      </input_file>
      <input_file id="fl-34">
         <path>C:\ti\ccs2010\ccs\tools\compiler\ti-cgt-c2000_22.6.1.LTS\lib\</path>
         <kind>archive</kind>
         <file>rts2800_fpu32_eabi.lib</file>
         <name>memcpy.c.obj</name>
      </input_file>
      <input_file id="fl-36">
         <path>C:\Users\pdobl\AppData\Local\Temp\</path>
         <kind>object</kind>
         <file>{112D0136-0BD5-4ADD-893F-26447ACA8C61}</file>
         <name>{112D0136-0BD5-4ADD-893F-26447ACA8C61}</name>
      </input_file>
      <input_file id="fl-2">
         <path>.\Control Strategies\Model Predictive Control\</path>
         <kind>object</kind>
         <file>main.obj</file>
         <name>main.obj</name>
      </input_file>
      <input_file id="fl-3">
         <path>.\device\</path>
         <kind>object</kind>
         <file>F2837xD_CodeStartBranch.obj</file>
         <name>F2837xD_CodeStartBranch.obj</name>
      </input_file>
      <input_file id="fl-4">
         <path>.\device\</path>
         <kind>object</kind>
         <file>device.obj</file>
         <name>device.obj</name>
      </input_file>
      <input_file id="fl-12">
         <kind>object</kind>
         <file>&lt;internal&gt;</file>
         <name>&lt;internal&gt;</name>
      </input_file>
      <input_file id="fl-16">
         <path>C:\ti\c2000\C2000Ware_5_04_00_00\driverlib\f2837xd\driverlib\ccs\Release\</path>
         <kind>archive</kind>
         <file>driverlib_eabi.lib</file>
         <name>adc.obj</name>
      </input_file>
      <input_file id="fl-17">
         <path>C:\ti\c2000\C2000Ware_5_04_00_00\driverlib\f2837xd\driverlib\ccs\Release\</path>
         <kind>archive</kind>
         <file>driverlib_eabi.lib</file>
         <name>cla.obj</name>
      </input_file>
      <input_file id="fl-18">
         <path>C:\ti\c2000\C2000Ware_5_04_00_00\driverlib\f2837xd\driverlib\ccs\Release\</path>
         <kind>archive</kind>
         <file>driverlib_eabi.lib</file>
         <name>gpio.obj</name>
      </input_file>
      <input_file id="fl-19">
         <path>C:\ti\c2000\C2000Ware_5_04_00_00\driverlib\f2837xd\driverlib\ccs\Release\</path>
         <kind>archive</kind>
         <file>driverlib_eabi.lib</file>
         <name>interrupt.obj</name>
      </input_file>
      <input_file id="fl-1a">
         <path>C:\ti\c2000\C2000Ware_5_04_00_00\driverlib\f2837xd\driverlib\ccs\Release\</path>
         <kind>archive</kind>
         <file>driverlib_eabi.lib</file>
         <name>memcfg.obj</name>
      </input_file>
      <input_file id="fl-1b">
         <path>C:\ti\c2000\C2000Ware_5_04_00_00\driverlib\f2837xd\driverlib\ccs\Release\</path>
         <kind>archive</kind>
         <file>driverlib_eabi.lib</file>
         <name>sysctl.obj</name>
      </input_file>
      <input_file id="fl-27">
         <path>C:\ti\ccs2010\ccs\tools\compiler\ti-cgt-c2000_22.6.1.LTS\lib\</path>
         <kind>archive</kind>
         <file>rts2800_fpu32_eabi.lib</file>
         <name>boot28.asm.obj</name>
      </input_file>
      <input_file id="fl-28">
         <path>C:\ti\ccs2010\ccs\tools\compiler\ti-cgt-c2000_22.6.1.LTS\lib\</path>
         <kind>archive</kind>
         <file>rts2800_fpu32_eabi.lib</file>
         <name>fs_div28.asm.obj</name>
      </input_file>
      <input_file id="fl-29">
         <path>C:\ti\ccs2010\ccs\tools\compiler\ti-cgt-c2000_22.6.1.LTS\lib\</path>
         <kind>archive</kind>
         <file>rts2800_fpu32_eabi.lib</file>
         <name>ll_cmp28.asm.obj</name>
      </input_file>
      <input_file id="fl-2b">
         <path>C:\ti\ccs2010\ccs\tools\compiler\ti-cgt-c2000_22.6.1.LTS\lib\</path>
         <kind>archive</kind>
         <file>rts2800_fpu32_eabi.lib</file>
         <name>autoinit.c.obj</name>
      </input_file>
      <input_file id="fl-2f">
         <path>C:\ti\ccs2010\ccs\tools\compiler\ti-cgt-c2000_22.6.1.LTS\lib\</path>
         <kind>archive</kind>
         <file>rts2800_fpu32_eabi.lib</file>
         <name>exit.c.obj</name>
      </input_file>
      <input_file id="fl-31">
         <path>C:\ti\ccs2010\ccs\tools\compiler\ti-cgt-c2000_22.6.1.LTS\lib\</path>
         <kind>archive</kind>
         <file>rts2800_fpu32_eabi.lib</file>
         <name>args_main.c.obj</name>
      </input_file>
      <input_file id="fl-35">
         <path>C:\ti\ccs2010\ccs\tools\compiler\ti-cgt-c2000_22.6.1.LTS\lib\</path>
         <kind>archive</kind>
         <file>rts2800_fpu32_eabi.lib</file>
         <name>startup.c.obj</name>
      </input_file>
   </input_file_list>
   <object_component_list>
      <object_component id="oc-35">
         <name>codestart</name>
         <load_address>0x0</load_address>
         <run_address>0x0</run_address>
         <size>0x2</size>
         <input_file_ref idref="fl-3"/>
      </object_component>
      <object_component id="oc-f4">
         <name>.text</name>
         <load_address>0xb000</load_address>
         <run_address>0xb000</run_address>
         <size>0x33a</size>
         <input_file_ref idref="fl-4"/>
      </object_component>
      <object_component id="oc-12d">
         <name>.text:SysCtl_setClock</name>
         <load_address>0xb33a</load_address>
         <run_address>0xb33a</run_address>
         <size>0x1cd</size>
         <input_file_ref idref="fl-1b"/>
      </object_component>
      <object_component id="oc-14e">
         <name>.text</name>
         <load_address>0xb507</load_address>
         <run_address>0xb507</run_address>
         <size>0xeb</size>
         <input_file_ref idref="fl-d"/>
      </object_component>
      <object_component id="oc-197">
         <name>.text:SysCtl_selectXTAL</name>
         <load_address>0xb5f2</load_address>
         <run_address>0xb5f2</run_address>
         <size>0xb1</size>
         <input_file_ref idref="fl-1b"/>
      </object_component>
      <object_component id="oc-174">
         <name>.text</name>
         <load_address>0xb6a3</load_address>
         <run_address>0xb6a3</run_address>
         <size>0x88</size>
         <input_file_ref idref="fl-28"/>
      </object_component>
      <object_component id="oc-154">
         <name>.text</name>
         <load_address>0xb72b</load_address>
         <run_address>0xb72b</run_address>
         <size>0x77</size>
         <input_file_ref idref="fl-9"/>
      </object_component>
      <object_component id="oc-1a6">
         <name>.text:ADC_setINLTrim</name>
         <load_address>0xb7a2</load_address>
         <run_address>0xb7a2</run_address>
         <size>0x5c</size>
         <input_file_ref idref="fl-16"/>
      </object_component>
      <object_component id="oc-8a">
         <name>.text</name>
         <load_address>0xb7fe</load_address>
         <run_address>0xb7fe</run_address>
         <size>0x2</size>
         <input_file_ref idref="fl-2a"/>
      </object_component>
      <object_component id="oc-127">
         <name>.text:SysCtl_getDeviceParametric</name>
         <load_address>0xb800</load_address>
         <run_address>0xb800</run_address>
         <size>0x44</size>
         <input_file_ref idref="fl-1b"/>
      </object_component>
      <object_component id="oc-fa">
         <name>.text:Interrupt_initModule</name>
         <load_address>0xb844</load_address>
         <run_address>0xb844</run_address>
         <size>0x41</size>
         <input_file_ref idref="fl-19"/>
      </object_component>
      <object_component id="oc-15a">
         <name>.text</name>
         <load_address>0xb885</load_address>
         <run_address>0xb885</run_address>
         <size>0x3e</size>
         <input_file_ref idref="fl-b"/>
      </object_component>
      <object_component id="oc-1ac">
         <name>.text:ADC_setOffsetTrim</name>
         <load_address>0xb8c3</load_address>
         <run_address>0xb8c3</run_address>
         <size>0x3d</size>
         <input_file_ref idref="fl-16"/>
      </object_component>
      <object_component id="oc-cf">
         <name>.text</name>
         <load_address>0xb900</load_address>
         <run_address>0xb900</run_address>
         <size>0x38</size>
         <input_file_ref idref="fl-2"/>
      </object_component>
      <object_component id="oc-106">
         <name>.text:Interrupt_enable</name>
         <load_address>0xb938</load_address>
         <run_address>0xb938</run_address>
         <size>0x36</size>
         <input_file_ref idref="fl-19"/>
      </object_component>
      <object_component id="oc-139">
         <name>.text:GPIO_setPinConfig</name>
         <load_address>0xb96e</load_address>
         <run_address>0xb96e</run_address>
         <size>0x30</size>
         <input_file_ref idref="fl-18"/>
      </object_component>
      <object_component id="oc-28">
         <name>.text:decompress:lzss</name>
         <load_address>0xb99e</load_address>
         <run_address>0xb99e</run_address>
         <size>0x30</size>
         <input_file_ref idref="fl-2e"/>
      </object_component>
      <object_component id="oc-16d">
         <name>.text:SysCtl_selectOscSource</name>
         <load_address>0xb9ce</load_address>
         <run_address>0xb9ce</run_address>
         <size>0x2b</size>
         <input_file_ref idref="fl-1b"/>
      </object_component>
      <object_component id="oc-9f">
         <name>.text:__TI_auto_init_nobinit_nopinit</name>
         <load_address>0xb9f9</load_address>
         <run_address>0xb9f9</run_address>
         <size>0x2b</size>
         <input_file_ref idref="fl-2b"/>
      </object_component>
      <object_component id="oc-97">
         <name>.text</name>
         <load_address>0xba24</load_address>
         <run_address>0xba24</run_address>
         <size>0x29</size>
         <input_file_ref idref="fl-2f"/>
      </object_component>
      <object_component id="oc-133">
         <name>.text:GPIO_setControllerCore</name>
         <load_address>0xba4d</load_address>
         <run_address>0xba4d</run_address>
         <size>0x22</size>
         <input_file_ref idref="fl-18"/>
      </object_component>
      <object_component id="oc-13f">
         <name>.text:GPIO_setQualificationMode</name>
         <load_address>0xba6f</load_address>
         <run_address>0xba6f</run_address>
         <size>0x22</size>
         <input_file_ref idref="fl-18"/>
      </object_component>
      <object_component id="oc-145">
         <name>.text:GPIO_setDirectionMode</name>
         <load_address>0xba91</load_address>
         <run_address>0xba91</run_address>
         <size>0x20</size>
         <input_file_ref idref="fl-18"/>
      </object_component>
      <object_component id="oc-56">
         <name>.text</name>
         <load_address>0xbab1</load_address>
         <run_address>0xbab1</run_address>
         <size>0x1c</size>
         <input_file_ref idref="fl-34"/>
      </object_component>
      <object_component id="oc-80">
         <name>.text</name>
         <load_address>0xbacd</load_address>
         <run_address>0xbacd</run_address>
         <size>0x17</size>
         <input_file_ref idref="fl-27"/>
      </object_component>
      <object_component id="oc-3c">
         <name>.text:Interrupt_initVectorTable</name>
         <load_address>0xbae4</load_address>
         <run_address>0xbae4</run_address>
         <size>0x15</size>
         <input_file_ref idref="fl-19"/>
      </object_component>
      <object_component id="oc-189">
         <name>.text:ADC_setMode</name>
         <load_address>0xbaf9</load_address>
         <run_address>0xbaf9</run_address>
         <size>0x11</size>
         <input_file_ref idref="fl-16"/>
      </object_component>
      <object_component id="oc-1b6">
         <name>.text:SysCtl_pollCpuTimer</name>
         <load_address>0xbb0a</load_address>
         <run_address>0xbb0a</run_address>
         <size>0xf</size>
         <input_file_ref idref="fl-1b"/>
      </object_component>
      <object_component id="oc-4d">
         <name>.text:Interrupt_defaultHandler</name>
         <load_address>0xbb19</load_address>
         <run_address>0xbb19</run_address>
         <size>0xc</size>
         <input_file_ref idref="fl-19"/>
      </object_component>
      <object_component id="oc-91">
         <name>.text</name>
         <load_address>0xbb25</load_address>
         <run_address>0xbb25</run_address>
         <size>0xc</size>
         <input_file_ref idref="fl-31"/>
      </object_component>
      <object_component id="oc-47">
         <name>.text:Interrupt_illegalOperationHandler</name>
         <load_address>0xbb31</load_address>
         <run_address>0xbb31</run_address>
         <size>0xa</size>
         <input_file_ref idref="fl-19"/>
      </object_component>
      <object_component id="oc-3b">
         <name>.text:Interrupt_nmiHandler</name>
         <load_address>0xbb3b</load_address>
         <run_address>0xbb3b</run_address>
         <size>0xa</size>
         <input_file_ref idref="fl-19"/>
      </object_component>
      <object_component id="oc-69">
         <name>.text</name>
         <load_address>0xbb45</load_address>
         <run_address>0xbb45</run_address>
         <size>0x8</size>
         <input_file_ref idref="fl-3"/>
      </object_component>
      <object_component id="oc-2e">
         <name>.text:decompress:none</name>
         <load_address>0xbb4d</load_address>
         <run_address>0xbb4d</run_address>
         <size>0x8</size>
         <input_file_ref idref="fl-2d"/>
      </object_component>
      <object_component id="oc-100">
         <name>.text</name>
         <load_address>0xbb55</load_address>
         <run_address>0xbb55</run_address>
         <size>0x7</size>
         <input_file_ref idref="fl-c"/>
      </object_component>
      <object_component id="oc-113">
         <name>.text</name>
         <load_address>0xbb5c</load_address>
         <run_address>0xbb5c</run_address>
         <size>0x1</size>
         <input_file_ref idref="fl-30"/>
      </object_component>
      <object_component id="oc-df">
         <name>.text</name>
         <load_address>0xbb5d</load_address>
         <run_address>0xbb5d</run_address>
         <size>0x1</size>
         <input_file_ref idref="fl-35"/>
      </object_component>
      <object_component id="oc-1fd">
         <name>.cinit..data.load</name>
         <load_address>0x128</load_address>
         <run_address>0x128</run_address>
         <size>0x20</size>
      </object_component>
      <object_component id="oc-1fb">
         <name>__TI_handler_table</name>
         <load_address>0x148</load_address>
         <run_address>0x148</run_address>
         <size>0x4</size>
      </object_component>
      <object_component id="oc-1fc">
         <name>__TI_cinit_table</name>
         <load_address>0x14c</load_address>
         <run_address>0x14c</run_address>
         <size>0x4</size>
      </object_component>
      <object_component id="oc-53">
         <name>.stack</name>
         <uninitialized>true</uninitialized>
         <run_address>0x400</run_address>
         <size>0x0</size>
         <input_file_ref idref="fl-27"/>
      </object_component>
      <object_component id="oc-1fe">
         <name>.stack</name>
         <uninitialized>true</uninitialized>
         <run_address>0x400</run_address>
         <size>0x0</size>
      </object_component>
      <object_component id="oc-124">
         <name>.data</name>
         <load_address>0x9838</load_address>
         <run_address>0x9838</run_address>
         <size>0x6</size>
         <input_file_ref idref="fl-4"/>
      </object_component>
      <object_component id="oc-d7">
         <name>.data</name>
         <load_address>0x9840</load_address>
         <run_address>0x9840</run_address>
         <size>0x6</size>
         <input_file_ref idref="fl-2f"/>
      </object_component>
      <object_component id="oc-da">
         <name>.data:_lock</name>
         <load_address>0x983e</load_address>
         <run_address>0x983e</run_address>
         <size>0x2</size>
         <input_file_ref idref="fl-30"/>
      </object_component>
      <object_component id="oc-186">
         <name>.data:adc_configs</name>
         <load_address>0x9832</load_address>
         <run_address>0x9832</run_address>
         <size>0x6</size>
         <input_file_ref idref="fl-9"/>
      </object_component>
      <object_component id="oc-190">
         <name>.data:cmpss_configs</name>
         <load_address>0x982a</load_address>
         <run_address>0x982a</run_address>
         <size>0x8</size>
         <input_file_ref idref="fl-b"/>
      </object_component>
      <object_component id="oc-182">
         <name>.data:pwm_configs</name>
         <load_address>0x9800</load_address>
         <run_address>0x9800</run_address>
         <size>0x2a</size>
         <input_file_ref idref="fl-d"/>
      </object_component>
      <object_component id="oc-173">
         <name>.TI.ramfunc</name>
         <load_address>0x123</load_address>
         <run_address>0x123</run_address>
         <size>0x4</size>
         <input_file_ref idref="fl-1b"/>
      </object_component>
      <object_component id="oc-10d">
         <name>.debug_types</name>
         <load_address>0x0</load_address>
         <run_address>0x0</run_address>
         <size>0xdac</size>
         <input_file_ref idref="fl-2"/>
      </object_component>
      <object_component id="oc-14c">
         <name>.debug_types</name>
         <load_address>0xdac</load_address>
         <run_address>0xdac</run_address>
         <size>0x867</size>
         <input_file_ref idref="fl-4"/>
      </object_component>
      <object_component id="oc-1b3">
         <name>.debug_types</name>
         <load_address>0x1613</load_address>
         <run_address>0x1613</run_address>
         <size>0x320</size>
         <input_file_ref idref="fl-16"/>
      </object_component>
      <object_component id="oc-17b">
         <name>.debug_types</name>
         <load_address>0x1933</load_address>
         <run_address>0x1933</run_address>
         <size>0x409</size>
         <input_file_ref idref="fl-18"/>
      </object_component>
      <object_component id="oc-70">
         <name>.debug_types</name>
         <load_address>0x0</load_address>
         <run_address>0x0</run_address>
         <size>0x0</size>
         <input_file_ref idref="fl-19"/>
      </object_component>
      <object_component id="oc-16c">
         <name>.debug_types</name>
         <load_address>0x1d3c</load_address>
         <run_address>0x1d3c</run_address>
         <size>0x254</size>
         <input_file_ref idref="fl-1b"/>
      </object_component>
      <object_component id="oc-e6">
         <name>.debug_types</name>
         <load_address>0x1f90</load_address>
         <run_address>0x1f90</run_address>
         <size>0x4e8</size>
         <input_file_ref idref="fl-2b"/>
      </object_component>
      <object_component id="oc-de">
         <name>.debug_types</name>
         <load_address>0x2478</load_address>
         <run_address>0x2478</run_address>
         <size>0xbf</size>
         <input_file_ref idref="fl-2f"/>
      </object_component>
      <object_component id="oc-d6">
         <name>.debug_types</name>
         <load_address>0x2537</load_address>
         <run_address>0x2537</run_address>
         <size>0xe1</size>
         <input_file_ref idref="fl-31"/>
      </object_component>
      <object_component id="oc-11f">
         <name>.debug_types</name>
         <load_address>0x0</load_address>
         <run_address>0x0</run_address>
         <size>0x0</size>
         <input_file_ref idref="fl-35"/>
      </object_component>
      <object_component id="oc-55">
         <name>.debug_types</name>
         <load_address>0x2618</load_address>
         <run_address>0x2618</run_address>
         <size>0x380b</size>
         <input_file_ref idref="fl-36"/>
      </object_component>
      <object_component id="oc-d0">
         <name>.debug_info</name>
         <load_address>0x0</load_address>
         <run_address>0x0</run_address>
         <size>0x213</size>
         <input_file_ref idref="fl-2"/>
      </object_component>
      <object_component id="oc-37">
         <name>.debug_info</name>
         <load_address>0x213</load_address>
         <run_address>0x213</run_address>
         <size>0x112</size>
         <input_file_ref idref="fl-3"/>
      </object_component>
      <object_component id="oc-6a">
         <name>.debug_info</name>
         <load_address>0x325</load_address>
         <run_address>0x325</run_address>
         <size>0x113</size>
         <input_file_ref idref="fl-3"/>
      </object_component>
      <object_component id="oc-125">
         <name>.debug_info</name>
         <load_address>0x438</load_address>
         <run_address>0x438</run_address>
         <size>0x15d</size>
         <input_file_ref idref="fl-4"/>
      </object_component>
      <object_component id="oc-f5">
         <name>.debug_info</name>
         <load_address>0x595</load_address>
         <run_address>0x595</run_address>
         <size>0xb60</size>
         <input_file_ref idref="fl-4"/>
      </object_component>
      <object_component id="oc-1b0">
         <name>.debug_info</name>
         <load_address>0x10f5</load_address>
         <run_address>0x10f5</run_address>
         <size>0x261</size>
         <input_file_ref idref="fl-16"/>
      </object_component>
      <object_component id="oc-1a8">
         <name>.debug_info</name>
         <load_address>0x1356</load_address>
         <run_address>0x1356</run_address>
         <size>0x217</size>
         <input_file_ref idref="fl-16"/>
      </object_component>
      <object_component id="oc-18b">
         <name>.debug_info</name>
         <load_address>0x156d</load_address>
         <run_address>0x156d</run_address>
         <size>0x279</size>
         <input_file_ref idref="fl-16"/>
      </object_component>
      <object_component id="oc-140">
         <name>.debug_info</name>
         <load_address>0x17e6</load_address>
         <run_address>0x17e6</run_address>
         <size>0x246</size>
         <input_file_ref idref="fl-18"/>
      </object_component>
      <object_component id="oc-13b">
         <name>.debug_info</name>
         <load_address>0x1a2c</load_address>
         <run_address>0x1a2c</run_address>
         <size>0x210</size>
         <input_file_ref idref="fl-18"/>
      </object_component>
      <object_component id="oc-147">
         <name>.debug_info</name>
         <load_address>0x1c3c</load_address>
         <run_address>0x1c3c</run_address>
         <size>0x257</size>
         <input_file_ref idref="fl-18"/>
      </object_component>
      <object_component id="oc-136">
         <name>.debug_info</name>
         <load_address>0x1e93</load_address>
         <run_address>0x1e93</run_address>
         <size>0x22e</size>
         <input_file_ref idref="fl-18"/>
      </object_component>
      <object_component id="oc-43">
         <name>.debug_info</name>
         <load_address>0x20c1</load_address>
         <run_address>0x20c1</run_address>
         <size>0x1ea</size>
         <input_file_ref idref="fl-19"/>
      </object_component>
      <object_component id="oc-3e">
         <name>.debug_info</name>
         <load_address>0x22ab</load_address>
         <run_address>0x22ab</run_address>
         <size>0x200</size>
         <input_file_ref idref="fl-19"/>
      </object_component>
      <object_component id="oc-fd">
         <name>.debug_info</name>
         <load_address>0x24ab</load_address>
         <run_address>0x24ab</run_address>
         <size>0x1f4</size>
         <input_file_ref idref="fl-19"/>
      </object_component>
      <object_component id="oc-48">
         <name>.debug_info</name>
         <load_address>0x269f</load_address>
         <run_address>0x269f</run_address>
         <size>0x204</size>
         <input_file_ref idref="fl-19"/>
      </object_component>
      <object_component id="oc-108">
         <name>.debug_info</name>
         <load_address>0x28a3</load_address>
         <run_address>0x28a3</run_address>
         <size>0x23c</size>
         <input_file_ref idref="fl-19"/>
      </object_component>
      <object_component id="oc-4f">
         <name>.debug_info</name>
         <load_address>0x2adf</load_address>
         <run_address>0x2adf</run_address>
         <size>0x1f2</size>
         <input_file_ref idref="fl-19"/>
      </object_component>
      <object_component id="oc-1b7">
         <name>.debug_info</name>
         <load_address>0x2cd1</load_address>
         <run_address>0x2cd1</run_address>
         <size>0x1fe</size>
         <input_file_ref idref="fl-1b"/>
      </object_component>
      <object_component id="oc-19a">
         <name>.debug_info</name>
         <load_address>0x2ecf</load_address>
         <run_address>0x2ecf</run_address>
         <size>0x2fa</size>
         <input_file_ref idref="fl-1b"/>
      </object_component>
      <object_component id="oc-16e">
         <name>.debug_info</name>
         <load_address>0x31c9</load_address>
         <run_address>0x31c9</run_address>
         <size>0x220</size>
         <input_file_ref idref="fl-1b"/>
      </object_component>
      <object_component id="oc-12e">
         <name>.debug_info</name>
         <load_address>0x33e9</load_address>
         <run_address>0x33e9</run_address>
         <size>0x404</size>
         <input_file_ref idref="fl-1b"/>
      </object_component>
      <object_component id="oc-128">
         <name>.debug_info</name>
         <load_address>0x37ed</load_address>
         <run_address>0x37ed</run_address>
         <size>0x22e</size>
         <input_file_ref idref="fl-1b"/>
      </object_component>
      <object_component id="oc-82">
         <name>.debug_info</name>
         <load_address>0x3a1b</load_address>
         <run_address>0x3a1b</run_address>
         <size>0x158</size>
         <input_file_ref idref="fl-27"/>
      </object_component>
      <object_component id="oc-177">
         <name>.debug_info</name>
         <load_address>0x3b73</load_address>
         <run_address>0x3b73</run_address>
         <size>0x127</size>
         <input_file_ref idref="fl-28"/>
      </object_component>
      <object_component id="oc-a0">
         <name>.debug_info</name>
         <load_address>0x3c9a</load_address>
         <run_address>0x3c9a</run_address>
         <size>0x1bf</size>
         <input_file_ref idref="fl-2b"/>
      </object_component>
      <object_component id="oc-d8">
         <name>.debug_info</name>
         <load_address>0x3e59</load_address>
         <run_address>0x3e59</run_address>
         <size>0x19e</size>
         <input_file_ref idref="fl-2f"/>
      </object_component>
      <object_component id="oc-99">
         <name>.debug_info</name>
         <load_address>0x3ff7</load_address>
         <run_address>0x3ff7</run_address>
         <size>0x1a9</size>
         <input_file_ref idref="fl-2f"/>
      </object_component>
      <object_component id="oc-92">
         <name>.debug_info</name>
         <load_address>0x41a0</load_address>
         <run_address>0x41a0</run_address>
         <size>0x15d</size>
         <input_file_ref idref="fl-31"/>
      </object_component>
      <object_component id="oc-e3">
         <name>.debug_info</name>
         <load_address>0x42fd</load_address>
         <run_address>0x42fd</run_address>
         <size>0x147</size>
         <input_file_ref idref="fl-35"/>
      </object_component>
      <object_component id="oc-db">
         <name>.debug_info</name>
         <load_address>0x4444</load_address>
         <run_address>0x4444</run_address>
         <size>0xd6</size>
         <input_file_ref idref="fl-36"/>
      </object_component>
      <object_component id="oc-187">
         <name>.debug_info</name>
         <load_address>0x451a</load_address>
         <run_address>0x451a</run_address>
         <size>0xe2</size>
         <input_file_ref idref="fl-36"/>
      </object_component>
      <object_component id="oc-191">
         <name>.debug_info</name>
         <load_address>0x45fc</load_address>
         <run_address>0x45fc</run_address>
         <size>0xe6</size>
         <input_file_ref idref="fl-36"/>
      </object_component>
      <object_component id="oc-183">
         <name>.debug_info</name>
         <load_address>0x46e2</load_address>
         <run_address>0x46e2</run_address>
         <size>0xe2</size>
         <input_file_ref idref="fl-36"/>
      </object_component>
      <object_component id="oc-150">
         <name>.debug_info</name>
         <load_address>0x47c4</load_address>
         <run_address>0x47c4</run_address>
         <size>0x17e</size>
         <input_file_ref idref="fl-36"/>
      </object_component>
      <object_component id="oc-156">
         <name>.debug_info</name>
         <load_address>0x4942</load_address>
         <run_address>0x4942</run_address>
         <size>0x1b7</size>
         <input_file_ref idref="fl-36"/>
      </object_component>
      <object_component id="oc-15c">
         <name>.debug_info</name>
         <load_address>0x4af9</load_address>
         <run_address>0x4af9</run_address>
         <size>0x174</size>
         <input_file_ref idref="fl-36"/>
      </object_component>
      <object_component id="oc-102">
         <name>.debug_info</name>
         <load_address>0x4c6d</load_address>
         <run_address>0x4c6d</run_address>
         <size>0x157</size>
         <input_file_ref idref="fl-36"/>
      </object_component>
      <object_component id="oc-58">
         <name>.debug_info</name>
         <load_address>0x4dc4</load_address>
         <run_address>0x4dc4</run_address>
         <size>0x15e</size>
         <input_file_ref idref="fl-36"/>
      </object_component>
      <object_component id="oc-115">
         <name>.debug_info</name>
         <load_address>0x4f22</load_address>
         <run_address>0x4f22</run_address>
         <size>0xeb</size>
         <input_file_ref idref="fl-36"/>
      </object_component>
      <object_component id="oc-8c">
         <name>.debug_info</name>
         <load_address>0x500d</load_address>
         <run_address>0x500d</run_address>
         <size>0x10e</size>
         <input_file_ref idref="fl-36"/>
      </object_component>
      <object_component id="oc-2f">
         <name>.debug_info</name>
         <load_address>0x511b</load_address>
         <run_address>0x511b</run_address>
         <size>0x16c</size>
         <input_file_ref idref="fl-36"/>
      </object_component>
      <object_component id="oc-29">
         <name>.debug_info</name>
         <load_address>0x5287</load_address>
         <run_address>0x5287</run_address>
         <size>0x1ce</size>
         <input_file_ref idref="fl-36"/>
      </object_component>
      <object_component id="oc-201">
         <name>.debug_info</name>
         <load_address>0x5455</load_address>
         <run_address>0x5455</run_address>
         <size>0xb2</size>
      </object_component>
      <object_component id="oc-d3">
         <name>.debug_line</name>
         <load_address>0x0</load_address>
         <run_address>0x0</run_address>
         <size>0xe4</size>
         <input_file_ref idref="fl-2"/>
      </object_component>
      <object_component id="oc-163">
         <name>.debug_line</name>
         <load_address>0xe4</load_address>
         <run_address>0xe4</run_address>
         <size>0x198</size>
         <input_file_ref idref="fl-2"/>
      </object_component>
      <object_component id="oc-39">
         <name>.debug_line</name>
         <load_address>0x27c</load_address>
         <run_address>0x27c</run_address>
         <size>0x55</size>
         <input_file_ref idref="fl-3"/>
      </object_component>
      <object_component id="oc-6d">
         <name>.debug_line</name>
         <load_address>0x2d1</load_address>
         <run_address>0x2d1</run_address>
         <size>0x5d</size>
         <input_file_ref idref="fl-3"/>
      </object_component>
      <object_component id="oc-16a">
         <name>.debug_line</name>
         <load_address>0x32e</load_address>
         <run_address>0x32e</run_address>
         <size>0x37</size>
         <input_file_ref idref="fl-4"/>
      </object_component>
      <object_component id="oc-f8">
         <name>.debug_line</name>
         <load_address>0x365</load_address>
         <run_address>0x365</run_address>
         <size>0x414</size>
         <input_file_ref idref="fl-4"/>
      </object_component>
      <object_component id="oc-180">
         <name>.debug_line</name>
         <load_address>0x779</load_address>
         <run_address>0x779</run_address>
         <size>0xb1</size>
         <input_file_ref idref="fl-4"/>
      </object_component>
      <object_component id="oc-1af">
         <name>.debug_line</name>
         <load_address>0x82a</load_address>
         <run_address>0x82a</run_address>
         <size>0xb2</size>
         <input_file_ref idref="fl-16"/>
      </object_component>
      <object_component id="oc-1ab">
         <name>.debug_line</name>
         <load_address>0x8dc</load_address>
         <run_address>0x8dc</run_address>
         <size>0xe0</size>
         <input_file_ref idref="fl-16"/>
      </object_component>
      <object_component id="oc-18e">
         <name>.debug_line</name>
         <load_address>0x9bc</load_address>
         <run_address>0x9bc</run_address>
         <size>0x98</size>
         <input_file_ref idref="fl-16"/>
      </object_component>
      <object_component id="oc-1c0">
         <name>.debug_line</name>
         <load_address>0xa54</load_address>
         <run_address>0xa54</run_address>
         <size>0xe1</size>
         <input_file_ref idref="fl-16"/>
      </object_component>
      <object_component id="oc-144">
         <name>.debug_line</name>
         <load_address>0xb35</load_address>
         <run_address>0xb35</run_address>
         <size>0x9c</size>
         <input_file_ref idref="fl-18"/>
      </object_component>
      <object_component id="oc-13e">
         <name>.debug_line</name>
         <load_address>0xbd1</load_address>
         <run_address>0xbd1</run_address>
         <size>0x9d</size>
         <input_file_ref idref="fl-18"/>
      </object_component>
      <object_component id="oc-14a">
         <name>.debug_line</name>
         <load_address>0xc6e</load_address>
         <run_address>0xc6e</run_address>
         <size>0x9e</size>
         <input_file_ref idref="fl-18"/>
      </object_component>
      <object_component id="oc-135">
         <name>.debug_line</name>
         <load_address>0xd0c</load_address>
         <run_address>0xd0c</run_address>
         <size>0x9c</size>
         <input_file_ref idref="fl-18"/>
      </object_component>
      <object_component id="oc-1a0">
         <name>.debug_line</name>
         <load_address>0xda8</load_address>
         <run_address>0xda8</run_address>
         <size>0xe3</size>
         <input_file_ref idref="fl-18"/>
      </object_component>
      <object_component id="oc-46">
         <name>.debug_line</name>
         <load_address>0xe8b</load_address>
         <run_address>0xe8b</run_address>
         <size>0x9a</size>
         <input_file_ref idref="fl-19"/>
      </object_component>
      <object_component id="oc-41">
         <name>.debug_line</name>
         <load_address>0xf25</load_address>
         <run_address>0xf25</run_address>
         <size>0xad</size>
         <input_file_ref idref="fl-19"/>
      </object_component>
      <object_component id="oc-fc">
         <name>.debug_line</name>
         <load_address>0xfd2</load_address>
         <run_address>0xfd2</run_address>
         <size>0x12e</size>
         <input_file_ref idref="fl-19"/>
      </object_component>
      <object_component id="oc-4c">
         <name>.debug_line</name>
         <load_address>0x1100</load_address>
         <run_address>0x1100</run_address>
         <size>0x9a</size>
         <input_file_ref idref="fl-19"/>
      </object_component>
      <object_component id="oc-10b">
         <name>.debug_line</name>
         <load_address>0x119a</load_address>
         <run_address>0x119a</run_address>
         <size>0x12d</size>
         <input_file_ref idref="fl-19"/>
      </object_component>
      <object_component id="oc-52">
         <name>.debug_line</name>
         <load_address>0x12c7</load_address>
         <run_address>0x12c7</run_address>
         <size>0x9b</size>
         <input_file_ref idref="fl-19"/>
      </object_component>
      <object_component id="oc-87">
         <name>.debug_line</name>
         <load_address>0x1362</load_address>
         <run_address>0x1362</run_address>
         <size>0x21</size>
         <input_file_ref idref="fl-19"/>
      </object_component>
      <object_component id="oc-1bb">
         <name>.debug_line</name>
         <load_address>0x1383</load_address>
         <run_address>0x1383</run_address>
         <size>0x106</size>
         <input_file_ref idref="fl-1b"/>
      </object_component>
      <object_component id="oc-199">
         <name>.debug_line</name>
         <load_address>0x1489</load_address>
         <run_address>0x1489</run_address>
         <size>0x212</size>
         <input_file_ref idref="fl-1b"/>
      </object_component>
      <object_component id="oc-171">
         <name>.debug_line</name>
         <load_address>0x169b</load_address>
         <run_address>0x169b</run_address>
         <size>0xb0</size>
         <input_file_ref idref="fl-1b"/>
      </object_component>
      <object_component id="oc-132">
         <name>.debug_line</name>
         <load_address>0x174b</load_address>
         <run_address>0x174b</run_address>
         <size>0x289</size>
         <input_file_ref idref="fl-1b"/>
      </object_component>
      <object_component id="oc-12b">
         <name>.debug_line</name>
         <load_address>0x19d4</load_address>
         <run_address>0x19d4</run_address>
         <size>0xc5</size>
         <input_file_ref idref="fl-1b"/>
      </object_component>
      <object_component id="oc-195">
         <name>.debug_line</name>
         <load_address>0x1a99</load_address>
         <run_address>0x1a99</run_address>
         <size>0x14c</size>
         <input_file_ref idref="fl-1b"/>
      </object_component>
      <object_component id="oc-84">
         <name>.debug_line</name>
         <load_address>0x1be5</load_address>
         <run_address>0x1be5</run_address>
         <size>0x4f</size>
         <input_file_ref idref="fl-27"/>
      </object_component>
      <object_component id="oc-176">
         <name>.debug_line</name>
         <load_address>0x1c34</load_address>
         <run_address>0x1c34</run_address>
         <size>0xae</size>
         <input_file_ref idref="fl-28"/>
      </object_component>
      <object_component id="oc-a3">
         <name>.debug_line</name>
         <load_address>0x1ce2</load_address>
         <run_address>0x1ce2</run_address>
         <size>0x74</size>
         <input_file_ref idref="fl-2b"/>
      </object_component>
      <object_component id="oc-121">
         <name>.debug_line</name>
         <load_address>0x1d56</load_address>
         <run_address>0x1d56</run_address>
         <size>0x21</size>
         <input_file_ref idref="fl-2b"/>
      </object_component>
      <object_component id="oc-112">
         <name>.debug_line</name>
         <load_address>0x1d77</load_address>
         <run_address>0x1d77</run_address>
         <size>0x2b</size>
         <input_file_ref idref="fl-2f"/>
      </object_component>
      <object_component id="oc-98">
         <name>.debug_line</name>
         <load_address>0x1da2</load_address>
         <run_address>0x1da2</run_address>
         <size>0x66</size>
         <input_file_ref idref="fl-2f"/>
      </object_component>
      <object_component id="oc-11c">
         <name>.debug_line</name>
         <load_address>0x1e08</load_address>
         <run_address>0x1e08</run_address>
         <size>0x21</size>
         <input_file_ref idref="fl-2f"/>
      </object_component>
      <object_component id="oc-96">
         <name>.debug_line</name>
         <load_address>0x1e29</load_address>
         <run_address>0x1e29</run_address>
         <size>0x4e</size>
         <input_file_ref idref="fl-31"/>
      </object_component>
      <object_component id="oc-10f">
         <name>.debug_line</name>
         <load_address>0x1e77</load_address>
         <run_address>0x1e77</run_address>
         <size>0x30</size>
         <input_file_ref idref="fl-31"/>
      </object_component>
      <object_component id="oc-e2">
         <name>.debug_line</name>
         <load_address>0x1ea7</load_address>
         <run_address>0x1ea7</run_address>
         <size>0x3b</size>
         <input_file_ref idref="fl-35"/>
      </object_component>
      <object_component id="oc-167">
         <name>.debug_line</name>
         <load_address>0x1ee2</load_address>
         <run_address>0x1ee2</run_address>
         <size>0x21</size>
         <input_file_ref idref="fl-35"/>
      </object_component>
      <object_component id="oc-11a">
         <name>.debug_line</name>
         <load_address>0x1f03</load_address>
         <run_address>0x1f03</run_address>
         <size>0x2c</size>
         <input_file_ref idref="fl-36"/>
      </object_component>
      <object_component id="oc-1a5">
         <name>.debug_line</name>
         <load_address>0x1f2f</load_address>
         <run_address>0x1f2f</run_address>
         <size>0x44</size>
         <input_file_ref idref="fl-36"/>
      </object_component>
      <object_component id="oc-1b5">
         <name>.debug_line</name>
         <load_address>0x1f73</load_address>
         <run_address>0x1f73</run_address>
         <size>0x46</size>
         <input_file_ref idref="fl-36"/>
      </object_component>
      <object_component id="oc-1a3">
         <name>.debug_line</name>
         <load_address>0x1fb9</load_address>
         <run_address>0x1fb9</run_address>
         <size>0x44</size>
         <input_file_ref idref="fl-36"/>
      </object_component>
      <object_component id="oc-14f">
         <name>.debug_line</name>
         <load_address>0x1ffd</load_address>
         <run_address>0x1ffd</run_address>
         <size>0x1d2</size>
         <input_file_ref idref="fl-36"/>
      </object_component>
      <object_component id="oc-155">
         <name>.debug_line</name>
         <load_address>0x21cf</load_address>
         <run_address>0x21cf</run_address>
         <size>0x16c</size>
         <input_file_ref idref="fl-36"/>
      </object_component>
      <object_component id="oc-15b">
         <name>.debug_line</name>
         <load_address>0x233b</load_address>
         <run_address>0x233b</run_address>
         <size>0x128</size>
         <input_file_ref idref="fl-36"/>
      </object_component>
      <object_component id="oc-101">
         <name>.debug_line</name>
         <load_address>0x2463</load_address>
         <run_address>0x2463</run_address>
         <size>0x5c</size>
         <input_file_ref idref="fl-36"/>
      </object_component>
      <object_component id="oc-57">
         <name>.debug_line</name>
         <load_address>0x24bf</load_address>
         <run_address>0x24bf</run_address>
         <size>0x60</size>
         <input_file_ref idref="fl-36"/>
      </object_component>
      <object_component id="oc-114">
         <name>.debug_line</name>
         <load_address>0x251f</load_address>
         <run_address>0x251f</run_address>
         <size>0x39</size>
         <input_file_ref idref="fl-36"/>
      </object_component>
      <object_component id="oc-8b">
         <name>.debug_line</name>
         <load_address>0x2558</load_address>
         <run_address>0x2558</run_address>
         <size>0x3f</size>
         <input_file_ref idref="fl-36"/>
      </object_component>
      <object_component id="oc-33">
         <name>.debug_line</name>
         <load_address>0x2597</load_address>
         <run_address>0x2597</run_address>
         <size>0x57</size>
         <input_file_ref idref="fl-36"/>
      </object_component>
      <object_component id="oc-2c">
         <name>.debug_line</name>
         <load_address>0x25ee</load_address>
         <run_address>0x25ee</run_address>
         <size>0x95</size>
         <input_file_ref idref="fl-36"/>
      </object_component>
      <object_component id="oc-75">
         <name>.debug_line</name>
         <load_address>0x2683</load_address>
         <run_address>0x2683</run_address>
         <size>0x67</size>
         <input_file_ref idref="fl-36"/>
      </object_component>
      <object_component id="oc-d4">
         <name>.debug_frame</name>
         <load_address>0x0</load_address>
         <run_address>0x0</run_address>
         <size>0x40</size>
         <input_file_ref idref="fl-2"/>
      </object_component>
      <object_component id="oc-f9">
         <name>.debug_frame</name>
         <load_address>0x40</load_address>
         <run_address>0x40</run_address>
         <size>0x160</size>
         <input_file_ref idref="fl-4"/>
      </object_component>
      <object_component id="oc-1ad">
         <name>.debug_frame</name>
         <load_address>0x1a0</load_address>
         <run_address>0x1a0</run_address>
         <size>0x48</size>
         <input_file_ref idref="fl-16"/>
      </object_component>
      <object_component id="oc-1a7">
         <name>.debug_frame</name>
         <load_address>0x1e8</load_address>
         <run_address>0x1e8</run_address>
         <size>0x50</size>
         <input_file_ref idref="fl-16"/>
      </object_component>
      <object_component id="oc-18d">
         <name>.debug_frame</name>
         <load_address>0x238</load_address>
         <run_address>0x238</run_address>
         <size>0x48</size>
         <input_file_ref idref="fl-16"/>
      </object_component>
      <object_component id="oc-143">
         <name>.debug_frame</name>
         <load_address>0x280</load_address>
         <run_address>0x280</run_address>
         <size>0x40</size>
         <input_file_ref idref="fl-18"/>
      </object_component>
      <object_component id="oc-13a">
         <name>.debug_frame</name>
         <load_address>0x2c0</load_address>
         <run_address>0x2c0</run_address>
         <size>0x48</size>
         <input_file_ref idref="fl-18"/>
      </object_component>
      <object_component id="oc-146">
         <name>.debug_frame</name>
         <load_address>0x308</load_address>
         <run_address>0x308</run_address>
         <size>0x40</size>
         <input_file_ref idref="fl-18"/>
      </object_component>
      <object_component id="oc-134">
         <name>.debug_frame</name>
         <load_address>0x348</load_address>
         <run_address>0x348</run_address>
         <size>0x40</size>
         <input_file_ref idref="fl-18"/>
      </object_component>
      <object_component id="oc-42">
         <name>.debug_frame</name>
         <load_address>0x388</load_address>
         <run_address>0x388</run_address>
         <size>0x48</size>
         <input_file_ref idref="fl-19"/>
      </object_component>
      <object_component id="oc-3d">
         <name>.debug_frame</name>
         <load_address>0x3d0</load_address>
         <run_address>0x3d0</run_address>
         <size>0x40</size>
         <input_file_ref idref="fl-19"/>
      </object_component>
      <object_component id="oc-fb">
         <name>.debug_frame</name>
         <load_address>0x410</load_address>
         <run_address>0x410</run_address>
         <size>0x40</size>
         <input_file_ref idref="fl-19"/>
      </object_component>
      <object_component id="oc-4b">
         <name>.debug_frame</name>
         <load_address>0x450</load_address>
         <run_address>0x450</run_address>
         <size>0x48</size>
         <input_file_ref idref="fl-19"/>
      </object_component>
      <object_component id="oc-107">
         <name>.debug_frame</name>
         <load_address>0x498</load_address>
         <run_address>0x498</run_address>
         <size>0x40</size>
         <input_file_ref idref="fl-19"/>
      </object_component>
      <object_component id="oc-4e">
         <name>.debug_frame</name>
         <load_address>0x4d8</load_address>
         <run_address>0x4d8</run_address>
         <size>0x48</size>
         <input_file_ref idref="fl-19"/>
      </object_component>
      <object_component id="oc-1ba">
         <name>.debug_frame</name>
         <load_address>0x520</load_address>
         <run_address>0x520</run_address>
         <size>0x40</size>
         <input_file_ref idref="fl-1b"/>
      </object_component>
      <object_component id="oc-198">
         <name>.debug_frame</name>
         <load_address>0x560</load_address>
         <run_address>0x560</run_address>
         <size>0x60</size>
         <input_file_ref idref="fl-1b"/>
      </object_component>
      <object_component id="oc-172">
         <name>.debug_frame</name>
         <load_address>0x5c0</load_address>
         <run_address>0x5c0</run_address>
         <size>0x40</size>
         <input_file_ref idref="fl-1b"/>
      </object_component>
      <object_component id="oc-131">
         <name>.debug_frame</name>
         <load_address>0x600</load_address>
         <run_address>0x600</run_address>
         <size>0x60</size>
         <input_file_ref idref="fl-1b"/>
      </object_component>
      <object_component id="oc-12c">
         <name>.debug_frame</name>
         <load_address>0x660</load_address>
         <run_address>0x660</run_address>
         <size>0x50</size>
         <input_file_ref idref="fl-1b"/>
      </object_component>
      <object_component id="oc-a4">
         <name>.debug_frame</name>
         <load_address>0x6b0</load_address>
         <run_address>0x6b0</run_address>
         <size>0x58</size>
         <input_file_ref idref="fl-2b"/>
      </object_component>
      <object_component id="oc-9c">
         <name>.debug_frame</name>
         <load_address>0x708</load_address>
         <run_address>0x708</run_address>
         <size>0x60</size>
         <input_file_ref idref="fl-2f"/>
      </object_component>
      <object_component id="oc-95">
         <name>.debug_frame</name>
         <load_address>0x768</load_address>
         <run_address>0x768</run_address>
         <size>0x40</size>
         <input_file_ref idref="fl-31"/>
      </object_component>
      <object_component id="oc-e0">
         <name>.debug_frame</name>
         <load_address>0x7a8</load_address>
         <run_address>0x7a8</run_address>
         <size>0x40</size>
         <input_file_ref idref="fl-35"/>
      </object_component>
      <object_component id="oc-153">
         <name>.debug_frame</name>
         <load_address>0x7e8</load_address>
         <run_address>0x7e8</run_address>
         <size>0x48</size>
         <input_file_ref idref="fl-36"/>
      </object_component>
      <object_component id="oc-159">
         <name>.debug_frame</name>
         <load_address>0x830</load_address>
         <run_address>0x830</run_address>
         <size>0x40</size>
         <input_file_ref idref="fl-36"/>
      </object_component>
      <object_component id="oc-15f">
         <name>.debug_frame</name>
         <load_address>0x870</load_address>
         <run_address>0x870</run_address>
         <size>0x40</size>
         <input_file_ref idref="fl-36"/>
      </object_component>
      <object_component id="oc-105">
         <name>.debug_frame</name>
         <load_address>0x8b0</load_address>
         <run_address>0x8b0</run_address>
         <size>0x40</size>
         <input_file_ref idref="fl-36"/>
      </object_component>
      <object_component id="oc-5b">
         <name>.debug_frame</name>
         <load_address>0x8f0</load_address>
         <run_address>0x8f0</run_address>
         <size>0x40</size>
         <input_file_ref idref="fl-36"/>
      </object_component>
      <object_component id="oc-118">
         <name>.debug_frame</name>
         <load_address>0x930</load_address>
         <run_address>0x930</run_address>
         <size>0x40</size>
         <input_file_ref idref="fl-36"/>
      </object_component>
      <object_component id="oc-8f">
         <name>.debug_frame</name>
         <load_address>0x970</load_address>
         <run_address>0x970</run_address>
         <size>0x40</size>
         <input_file_ref idref="fl-36"/>
      </object_component>
      <object_component id="oc-32">
         <name>.debug_frame</name>
         <load_address>0x9b0</load_address>
         <run_address>0x9b0</run_address>
         <size>0x40</size>
         <input_file_ref idref="fl-36"/>
      </object_component>
      <object_component id="oc-2d">
         <name>.debug_frame</name>
         <load_address>0x9f0</load_address>
         <run_address>0x9f0</run_address>
         <size>0x48</size>
         <input_file_ref idref="fl-36"/>
      </object_component>
      <object_component id="oc-10c">
         <name>.debug_abbrev</name>
         <load_address>0x0</load_address>
         <run_address>0x0</run_address>
         <size>0x56</size>
         <input_file_ref idref="fl-2"/>
      </object_component>
      <object_component id="oc-162">
         <name>.debug_abbrev</name>
         <load_address>0x56</load_address>
         <run_address>0x56</run_address>
         <size>0x80</size>
         <input_file_ref idref="fl-2"/>
      </object_component>
      <object_component id="oc-6e">
         <name>.debug_abbrev</name>
         <load_address>0xd6</load_address>
         <run_address>0xd6</run_address>
         <size>0x25</size>
         <input_file_ref idref="fl-3"/>
      </object_component>
      <object_component id="oc-85">
         <name>.debug_abbrev</name>
         <load_address>0xfb</load_address>
         <run_address>0xfb</run_address>
         <size>0x25</size>
         <input_file_ref idref="fl-3"/>
      </object_component>
      <object_component id="oc-169">
         <name>.debug_abbrev</name>
         <load_address>0x120</load_address>
         <run_address>0x120</run_address>
         <size>0x28</size>
         <input_file_ref idref="fl-4"/>
      </object_component>
      <object_component id="oc-14b">
         <name>.debug_abbrev</name>
         <load_address>0x148</load_address>
         <run_address>0x148</run_address>
         <size>0xe2</size>
         <input_file_ref idref="fl-4"/>
      </object_component>
      <object_component id="oc-17f">
         <name>.debug_abbrev</name>
         <load_address>0x22a</load_address>
         <run_address>0x22a</run_address>
         <size>0x9e</size>
         <input_file_ref idref="fl-4"/>
      </object_component>
      <object_component id="oc-1be">
         <name>.debug_abbrev</name>
         <load_address>0x2c8</load_address>
         <run_address>0x2c8</run_address>
         <size>0x6b</size>
         <input_file_ref idref="fl-16"/>
      </object_component>
      <object_component id="oc-1bd">
         <name>.debug_abbrev</name>
         <load_address>0x333</load_address>
         <run_address>0x333</run_address>
         <size>0x6b</size>
         <input_file_ref idref="fl-16"/>
      </object_component>
      <object_component id="oc-1b2">
         <name>.debug_abbrev</name>
         <load_address>0x39e</load_address>
         <run_address>0x39e</run_address>
         <size>0x6a</size>
         <input_file_ref idref="fl-16"/>
      </object_component>
      <object_component id="oc-1bf">
         <name>.debug_abbrev</name>
         <load_address>0x408</load_address>
         <run_address>0x408</run_address>
         <size>0x86</size>
         <input_file_ref idref="fl-16"/>
      </object_component>
      <object_component id="oc-17d">
         <name>.debug_abbrev</name>
         <load_address>0x48e</load_address>
         <run_address>0x48e</run_address>
         <size>0x5c</size>
         <input_file_ref idref="fl-18"/>
      </object_component>
      <object_component id="oc-17c">
         <name>.debug_abbrev</name>
         <load_address>0x4ea</load_address>
         <run_address>0x4ea</run_address>
         <size>0x5c</size>
         <input_file_ref idref="fl-18"/>
      </object_component>
      <object_component id="oc-17e">
         <name>.debug_abbrev</name>
         <load_address>0x546</load_address>
         <run_address>0x546</run_address>
         <size>0x5c</size>
         <input_file_ref idref="fl-18"/>
      </object_component>
      <object_component id="oc-17a">
         <name>.debug_abbrev</name>
         <load_address>0x5a2</load_address>
         <run_address>0x5a2</run_address>
         <size>0x5c</size>
         <input_file_ref idref="fl-18"/>
      </object_component>
      <object_component id="oc-19f">
         <name>.debug_abbrev</name>
         <load_address>0x5fe</load_address>
         <run_address>0x5fe</run_address>
         <size>0x69</size>
         <input_file_ref idref="fl-18"/>
      </object_component>
      <object_component id="oc-71">
         <name>.debug_abbrev</name>
         <load_address>0x667</load_address>
         <run_address>0x667</run_address>
         <size>0x3b</size>
         <input_file_ref idref="fl-19"/>
      </object_component>
      <object_component id="oc-6f">
         <name>.debug_abbrev</name>
         <load_address>0x6a2</load_address>
         <run_address>0x6a2</run_address>
         <size>0x46</size>
         <input_file_ref idref="fl-19"/>
      </object_component>
      <object_component id="oc-14d">
         <name>.debug_abbrev</name>
         <load_address>0x6e8</load_address>
         <run_address>0x6e8</run_address>
         <size>0x46</size>
         <input_file_ref idref="fl-19"/>
      </object_component>
      <object_component id="oc-72">
         <name>.debug_abbrev</name>
         <load_address>0x72e</load_address>
         <run_address>0x72e</run_address>
         <size>0x3b</size>
         <input_file_ref idref="fl-19"/>
      </object_component>
      <object_component id="oc-161">
         <name>.debug_abbrev</name>
         <load_address>0x769</load_address>
         <run_address>0x769</run_address>
         <size>0x5c</size>
         <input_file_ref idref="fl-19"/>
      </object_component>
      <object_component id="oc-73">
         <name>.debug_abbrev</name>
         <load_address>0x7c5</load_address>
         <run_address>0x7c5</run_address>
         <size>0x3b</size>
         <input_file_ref idref="fl-19"/>
      </object_component>
      <object_component id="oc-86">
         <name>.debug_abbrev</name>
         <load_address>0x800</load_address>
         <run_address>0x800</run_address>
         <size>0x3b</size>
         <input_file_ref idref="fl-19"/>
      </object_component>
      <object_component id="oc-1c2">
         <name>.debug_abbrev</name>
         <load_address>0x83b</load_address>
         <run_address>0x83b</run_address>
         <size>0x52</size>
         <input_file_ref idref="fl-1b"/>
      </object_component>
      <object_component id="oc-1bc">
         <name>.debug_abbrev</name>
         <load_address>0x88d</load_address>
         <run_address>0x88d</run_address>
         <size>0x5f</size>
         <input_file_ref idref="fl-1b"/>
      </object_component>
      <object_component id="oc-19d">
         <name>.debug_abbrev</name>
         <load_address>0x8ec</load_address>
         <run_address>0x8ec</run_address>
         <size>0x5f</size>
         <input_file_ref idref="fl-1b"/>
      </object_component>
      <object_component id="oc-179">
         <name>.debug_abbrev</name>
         <load_address>0x94b</load_address>
         <run_address>0x94b</run_address>
         <size>0x6c</size>
         <input_file_ref idref="fl-1b"/>
      </object_component>
      <object_component id="oc-16b">
         <name>.debug_abbrev</name>
         <load_address>0x9b7</load_address>
         <run_address>0x9b7</run_address>
         <size>0x53</size>
         <input_file_ref idref="fl-1b"/>
      </object_component>
      <object_component id="oc-194">
         <name>.debug_abbrev</name>
         <load_address>0xa0a</load_address>
         <run_address>0xa0a</run_address>
         <size>0x86</size>
         <input_file_ref idref="fl-1b"/>
      </object_component>
      <object_component id="oc-9d">
         <name>.debug_abbrev</name>
         <load_address>0xa90</load_address>
         <run_address>0xa90</run_address>
         <size>0x3d</size>
         <input_file_ref idref="fl-27"/>
      </object_component>
      <object_component id="oc-19e">
         <name>.debug_abbrev</name>
         <load_address>0xacd</load_address>
         <run_address>0xacd</run_address>
         <size>0x3b</size>
         <input_file_ref idref="fl-28"/>
      </object_component>
      <object_component id="oc-e5">
         <name>.debug_abbrev</name>
         <load_address>0xb08</load_address>
         <run_address>0xb08</run_address>
         <size>0x71</size>
         <input_file_ref idref="fl-2b"/>
      </object_component>
      <object_component id="oc-120">
         <name>.debug_abbrev</name>
         <load_address>0xb79</load_address>
         <run_address>0xb79</run_address>
         <size>0xb3</size>
         <input_file_ref idref="fl-2b"/>
      </object_component>
      <object_component id="oc-111">
         <name>.debug_abbrev</name>
         <load_address>0xc2c</load_address>
         <run_address>0xc2c</run_address>
         <size>0x28</size>
         <input_file_ref idref="fl-2f"/>
      </object_component>
      <object_component id="oc-dd">
         <name>.debug_abbrev</name>
         <load_address>0xc54</load_address>
         <run_address>0xc54</run_address>
         <size>0xa0</size>
         <input_file_ref idref="fl-2f"/>
      </object_component>
      <object_component id="oc-11b">
         <name>.debug_abbrev</name>
         <load_address>0xcf4</load_address>
         <run_address>0xcf4</run_address>
         <size>0x57</size>
         <input_file_ref idref="fl-2f"/>
      </object_component>
      <object_component id="oc-d5">
         <name>.debug_abbrev</name>
         <load_address>0xd4b</load_address>
         <run_address>0xd4b</run_address>
         <size>0x64</size>
         <input_file_ref idref="fl-31"/>
      </object_component>
      <object_component id="oc-10e">
         <name>.debug_abbrev</name>
         <load_address>0xdaf</load_address>
         <run_address>0xdaf</run_address>
         <size>0x79</size>
         <input_file_ref idref="fl-31"/>
      </object_component>
      <object_component id="oc-11e">
         <name>.debug_abbrev</name>
         <load_address>0xe28</load_address>
         <run_address>0xe28</run_address>
         <size>0x49</size>
         <input_file_ref idref="fl-35"/>
      </object_component>
      <object_component id="oc-166">
         <name>.debug_abbrev</name>
         <load_address>0xe71</load_address>
         <run_address>0xe71</run_address>
         <size>0x1c</size>
         <input_file_ref idref="fl-35"/>
      </object_component>
      <object_component id="oc-119">
         <name>.debug_abbrev</name>
         <load_address>0xe8d</load_address>
         <run_address>0xe8d</run_address>
         <size>0x26</size>
         <input_file_ref idref="fl-36"/>
      </object_component>
      <object_component id="oc-1a4">
         <name>.debug_abbrev</name>
         <load_address>0xeb3</load_address>
         <run_address>0xeb3</run_address>
         <size>0x26</size>
         <input_file_ref idref="fl-36"/>
      </object_component>
      <object_component id="oc-1b4">
         <name>.debug_abbrev</name>
         <load_address>0xed9</load_address>
         <run_address>0xed9</run_address>
         <size>0x26</size>
         <input_file_ref idref="fl-36"/>
      </object_component>
      <object_component id="oc-1a2">
         <name>.debug_abbrev</name>
         <load_address>0xeff</load_address>
         <run_address>0xeff</run_address>
         <size>0x26</size>
         <input_file_ref idref="fl-36"/>
      </object_component>
      <object_component id="oc-185">
         <name>.debug_abbrev</name>
         <load_address>0xf25</load_address>
         <run_address>0xf25</run_address>
         <size>0x4f</size>
         <input_file_ref idref="fl-36"/>
      </object_component>
      <object_component id="oc-18f">
         <name>.debug_abbrev</name>
         <load_address>0xf74</load_address>
         <run_address>0xf74</run_address>
         <size>0x5d</size>
         <input_file_ref idref="fl-36"/>
      </object_component>
      <object_component id="oc-193">
         <name>.debug_abbrev</name>
         <load_address>0xfd1</load_address>
         <run_address>0xfd1</run_address>
         <size>0x4f</size>
         <input_file_ref idref="fl-36"/>
      </object_component>
      <object_component id="oc-160">
         <name>.debug_abbrev</name>
         <load_address>0x1020</load_address>
         <run_address>0x1020</run_address>
         <size>0x52</size>
         <input_file_ref idref="fl-36"/>
      </object_component>
      <object_component id="oc-77">
         <name>.debug_abbrev</name>
         <load_address>0x1072</load_address>
         <run_address>0x1072</run_address>
         <size>0x5c</size>
         <input_file_ref idref="fl-36"/>
      </object_component>
      <object_component id="oc-165">
         <name>.debug_abbrev</name>
         <load_address>0x10ce</load_address>
         <run_address>0x10ce</run_address>
         <size>0x44</size>
         <input_file_ref idref="fl-36"/>
      </object_component>
      <object_component id="oc-9e">
         <name>.debug_abbrev</name>
         <load_address>0x1112</load_address>
         <run_address>0x1112</run_address>
         <size>0x46</size>
         <input_file_ref idref="fl-36"/>
      </object_component>
      <object_component id="oc-5c">
         <name>.debug_abbrev</name>
         <load_address>0x1158</load_address>
         <run_address>0x1158</run_address>
         <size>0x68</size>
         <input_file_ref idref="fl-36"/>
      </object_component>
      <object_component id="oc-54">
         <name>.debug_abbrev</name>
         <load_address>0x11c0</load_address>
         <run_address>0x11c0</run_address>
         <size>0x5a</size>
         <input_file_ref idref="fl-36"/>
      </object_component>
      <object_component id="oc-74">
         <name>.debug_abbrev</name>
         <load_address>0x121a</load_address>
         <run_address>0x121a</run_address>
         <size>0x13d</size>
         <input_file_ref idref="fl-36"/>
      </object_component>
      <object_component id="oc-202">
         <name>.debug_abbrev</name>
         <load_address>0x1357</load_address>
         <run_address>0x1357</run_address>
         <size>0xf</size>
      </object_component>
      <object_component id="oc-164">
         <name>.debug_str</name>
         <load_address>0x0</load_address>
         <run_address>0x0</run_address>
         <size>0x67</size>
         <input_file_ref idref="fl-2"/>
      </object_component>
      <object_component id="oc-181">
         <name>.debug_str</name>
         <load_address>0x67</load_address>
         <run_address>0x67</run_address>
         <size>0x67</size>
         <input_file_ref idref="fl-4"/>
      </object_component>
      <object_component id="oc-1c1">
         <name>.debug_str</name>
         <load_address>0xce</load_address>
         <run_address>0xce</run_address>
         <size>0x69</size>
         <input_file_ref idref="fl-16"/>
      </object_component>
      <object_component id="oc-1a1">
         <name>.debug_str</name>
         <load_address>0x137</load_address>
         <run_address>0x137</run_address>
         <size>0x69</size>
         <input_file_ref idref="fl-18"/>
      </object_component>
      <object_component id="oc-88">
         <name>.debug_str</name>
         <load_address>0x1a0</load_address>
         <run_address>0x1a0</run_address>
         <size>0x69</size>
         <input_file_ref idref="fl-19"/>
      </object_component>
      <object_component id="oc-196">
         <name>.debug_str</name>
         <load_address>0x209</load_address>
         <run_address>0x209</run_address>
         <size>0x69</size>
         <input_file_ref idref="fl-1b"/>
      </object_component>
      <object_component id="oc-122">
         <name>.debug_str</name>
         <load_address>0x272</load_address>
         <run_address>0x272</run_address>
         <size>0x69</size>
         <input_file_ref idref="fl-2b"/>
      </object_component>
      <object_component id="oc-11d">
         <name>.debug_str</name>
         <load_address>0x2db</load_address>
         <run_address>0x2db</run_address>
         <size>0x69</size>
         <input_file_ref idref="fl-2f"/>
      </object_component>
      <object_component id="oc-110">
         <name>.debug_str</name>
         <load_address>0x344</load_address>
         <run_address>0x344</run_address>
         <size>0x69</size>
         <input_file_ref idref="fl-31"/>
      </object_component>
      <object_component id="oc-168">
         <name>.debug_str</name>
         <load_address>0x3ad</load_address>
         <run_address>0x3ad</run_address>
         <size>0x69</size>
         <input_file_ref idref="fl-35"/>
      </object_component>
      <object_component id="oc-76">
         <name>.debug_str</name>
         <load_address>0x416</load_address>
         <run_address>0x416</run_address>
         <size>0x67</size>
         <input_file_ref idref="fl-36"/>
      </object_component>
      <object_component id="oc-d2">
         <name>.debug_aranges</name>
         <load_address>0x0</load_address>
         <run_address>0x0</run_address>
         <size>0x20</size>
         <input_file_ref idref="fl-2"/>
      </object_component>
      <object_component id="oc-36">
         <name>.debug_aranges</name>
         <load_address>0x20</load_address>
         <run_address>0x20</run_address>
         <size>0x20</size>
         <input_file_ref idref="fl-3"/>
      </object_component>
      <object_component id="oc-6c">
         <name>.debug_aranges</name>
         <load_address>0x40</load_address>
         <run_address>0x40</run_address>
         <size>0x20</size>
         <input_file_ref idref="fl-3"/>
      </object_component>
      <object_component id="oc-f7">
         <name>.debug_aranges</name>
         <load_address>0x60</load_address>
         <run_address>0x60</run_address>
         <size>0x78</size>
         <input_file_ref idref="fl-4"/>
      </object_component>
      <object_component id="oc-1ae">
         <name>.debug_aranges</name>
         <load_address>0xd8</load_address>
         <run_address>0xd8</run_address>
         <size>0x20</size>
         <input_file_ref idref="fl-16"/>
      </object_component>
      <object_component id="oc-1a9">
         <name>.debug_aranges</name>
         <load_address>0xf8</load_address>
         <run_address>0xf8</run_address>
         <size>0x20</size>
         <input_file_ref idref="fl-16"/>
      </object_component>
      <object_component id="oc-18a">
         <name>.debug_aranges</name>
         <load_address>0x118</load_address>
         <run_address>0x118</run_address>
         <size>0x20</size>
         <input_file_ref idref="fl-16"/>
      </object_component>
      <object_component id="oc-141">
         <name>.debug_aranges</name>
         <load_address>0x138</load_address>
         <run_address>0x138</run_address>
         <size>0x20</size>
         <input_file_ref idref="fl-18"/>
      </object_component>
      <object_component id="oc-13c">
         <name>.debug_aranges</name>
         <load_address>0x158</load_address>
         <run_address>0x158</run_address>
         <size>0x20</size>
         <input_file_ref idref="fl-18"/>
      </object_component>
      <object_component id="oc-149">
         <name>.debug_aranges</name>
         <load_address>0x178</load_address>
         <run_address>0x178</run_address>
         <size>0x20</size>
         <input_file_ref idref="fl-18"/>
      </object_component>
      <object_component id="oc-138">
         <name>.debug_aranges</name>
         <load_address>0x198</load_address>
         <run_address>0x198</run_address>
         <size>0x20</size>
         <input_file_ref idref="fl-18"/>
      </object_component>
      <object_component id="oc-45">
         <name>.debug_aranges</name>
         <load_address>0x1b8</load_address>
         <run_address>0x1b8</run_address>
         <size>0x20</size>
         <input_file_ref idref="fl-19"/>
      </object_component>
      <object_component id="oc-3f">
         <name>.debug_aranges</name>
         <load_address>0x1d8</load_address>
         <run_address>0x1d8</run_address>
         <size>0x20</size>
         <input_file_ref idref="fl-19"/>
      </object_component>
      <object_component id="oc-fe">
         <name>.debug_aranges</name>
         <load_address>0x1f8</load_address>
         <run_address>0x1f8</run_address>
         <size>0x20</size>
         <input_file_ref idref="fl-19"/>
      </object_component>
      <object_component id="oc-4a">
         <name>.debug_aranges</name>
         <load_address>0x218</load_address>
         <run_address>0x218</run_address>
         <size>0x20</size>
         <input_file_ref idref="fl-19"/>
      </object_component>
      <object_component id="oc-109">
         <name>.debug_aranges</name>
         <load_address>0x238</load_address>
         <run_address>0x238</run_address>
         <size>0x20</size>
         <input_file_ref idref="fl-19"/>
      </object_component>
      <object_component id="oc-50">
         <name>.debug_aranges</name>
         <load_address>0x258</load_address>
         <run_address>0x258</run_address>
         <size>0x20</size>
         <input_file_ref idref="fl-19"/>
      </object_component>
      <object_component id="oc-1b8">
         <name>.debug_aranges</name>
         <load_address>0x278</load_address>
         <run_address>0x278</run_address>
         <size>0x20</size>
         <input_file_ref idref="fl-1b"/>
      </object_component>
      <object_component id="oc-19c">
         <name>.debug_aranges</name>
         <load_address>0x298</load_address>
         <run_address>0x298</run_address>
         <size>0x20</size>
         <input_file_ref idref="fl-1b"/>
      </object_component>
      <object_component id="oc-16f">
         <name>.debug_aranges</name>
         <load_address>0x2b8</load_address>
         <run_address>0x2b8</run_address>
         <size>0x20</size>
         <input_file_ref idref="fl-1b"/>
      </object_component>
      <object_component id="oc-12f">
         <name>.debug_aranges</name>
         <load_address>0x2d8</load_address>
         <run_address>0x2d8</run_address>
         <size>0x20</size>
         <input_file_ref idref="fl-1b"/>
      </object_component>
      <object_component id="oc-12a">
         <name>.debug_aranges</name>
         <load_address>0x2f8</load_address>
         <run_address>0x2f8</run_address>
         <size>0x20</size>
         <input_file_ref idref="fl-1b"/>
      </object_component>
      <object_component id="oc-81">
         <name>.debug_aranges</name>
         <load_address>0x318</load_address>
         <run_address>0x318</run_address>
         <size>0x20</size>
         <input_file_ref idref="fl-27"/>
      </object_component>
      <object_component id="oc-175">
         <name>.debug_aranges</name>
         <load_address>0x338</load_address>
         <run_address>0x338</run_address>
         <size>0x20</size>
         <input_file_ref idref="fl-28"/>
      </object_component>
      <object_component id="oc-a1">
         <name>.debug_aranges</name>
         <load_address>0x358</load_address>
         <run_address>0x358</run_address>
         <size>0x20</size>
         <input_file_ref idref="fl-2b"/>
      </object_component>
      <object_component id="oc-9b">
         <name>.debug_aranges</name>
         <load_address>0x378</load_address>
         <run_address>0x378</run_address>
         <size>0x28</size>
         <input_file_ref idref="fl-2f"/>
      </object_component>
      <object_component id="oc-94">
         <name>.debug_aranges</name>
         <load_address>0x3a0</load_address>
         <run_address>0x3a0</run_address>
         <size>0x20</size>
         <input_file_ref idref="fl-31"/>
[...]
      <memory_area display="yes" color="green">
         <name>RAMGS0</name>
         <page_id>0x1</page_id>
         <origin>0xc000</origin>
         <length>0x1000</length>
         <used_space>0x0</used_space>
         <unused_space>0x1000</unused_space>
         <attributes>RWIX</attributes>
         <usage_details>
         </usage_details>
      </memory_area>
      <memory_area display="yes" color="green">
         <name>RAMGS1</name>
         <page_id>0x1</page_id>
         <origin>0xd000</origin>
         <length>0x1000</length>
         <used_space>0x0</used_space>
         <unused_space>0x1000</unused_space>
         <attributes>RWIX</attributes>
         <usage_details>
         </usage_details>
      </memory_area>
      <memory_area display="yes" color="green">
         <name>RAMGS2</name>
         <page_id>0x1</page_id>
         <origin>0xe000</origin>
         <length>0x1000</length>
         <used_space>0x0</used_space>
         <unused_space>0x1000</unused_space>
         <attributes>RWIX</attributes>
         <usage_details>
         </usage_details>
      </memory_area>
      <memory_area display="yes" color="green">
         <name>RAMGS3</name>
         <page_id>0x1</page_id>
         <origin>0xf000</origin>
         <length>0x1000</length>
         <used_space>0x0</used_space>
         <unused_space>0x1000</unused_space>
         <attributes>RWIX</attributes>
         <usage_details>
         </usage_details>
      </memory_area>
      <memory_area display="yes" color="green">
         <name>RAMGS4</name>
         <page_id>0x1</page_id>
         <origin>0x10000</origin>
         <length>0x1000</length>
         <used_space>0x0</used_space>
         <unused_space>0x1000</unused_space>
         <attributes>RWIX</attributes>
         <usage_details>
         </usage_details>
      </memory_area>
      <memory_area display="yes" color="green">
         <name>RAMGS6</name>
         <page_id>0x1</page_id>
         <origin>0x12000</origin>
         <length>0x1000</length>
         <used_space>0x0</used_space>
         <unused_space>0x1000</unused_space>
         <attributes>RWIX</attributes>
         <usage_details>
         </usage_details>
      </memory_area>
      <memory_area display="yes" color="green">
         <name>RAMGS7</name>
         <page_id>0x1</page_id>
         <origin>0x13000</origin>
         <length>0x1000</length>
         <used_space>0x0</used_space>
         <unused_space>0x1000</unused_space>
         <attributes>RWIX</attributes>
         <usage_details>
         </usage_details>
      </memory_area>
      <memory_area display="yes" color="green">
         <name>RAMGS8</name>
         <page_id>0x1</page_id>
         <origin>0x14000</origin>
         <length>0x1000</length>
         <used_space>0x0</used_space>
         <unused_space>0x1000</unused_space>
         <attributes>RWIX</attributes>
         <usage_details>
         </usage_details>
      </memory_area>
      <memory_area display="yes" color="green">
         <name>RAMGS9</name>
         <page_id>0x1</page_id>
         <origin>0x15000</origin>
         <length>0x1000</length>
         <used_space>0x0</used_space>
         <unused_space>0x1000</unused_space>
         <attributes>RWIX</attributes>
         <usage_details>
         </usage_details>
      </memory_area>
      <memory_area display="yes" color="green">
         <name>RAMGS10</name>
         <page_id>0x1</page_id>
         <origin>0x16000</origin>
         <length>0x1000</length>
         <used_space>0x0</used_space>
         <unused_space>0x1000</unused_space>
         <attributes>RWIX</attributes>
         <usage_details>
         </usage_details>
      </memory_area>
      <memory_area display="yes" color="green">
         <name>RAMGS11</name>
         <page_id>0x1</page_id>
         <origin>0x17000</origin>
         <length>0x1000</length>
         <used_space>0x0</used_space>
         <unused_space>0x1000</unused_space>
         <attributes>RWIX</attributes>
         <usage_details>
         </usage_details>
      </memory_area>
      <memory_area display="yes" color="green">
         <name>RAMGS12</name>
         <page_id>0x1</page_id>
         <origin>0x18000</origin>
         <length>0x1000</length>
         <used_space>0x0</used_space>
         <unused_space>0x1000</unused_space>
         <attributes>RWIX</attributes>
         <usage_details>
         </usage_details>
      </memory_area>
      <memory_area display="yes" color="green">
         <name>RAMGS13</name>
         <page_id>0x1</page_id>
         <origin>0x19000</origin>
         <length>0x1000</length>
         <used_space>0x0</used_space>
         <unused_space>0x1000</unused_space>
         <attributes>RWIX</attributes>
         <usage_details>
         </usage_details>
      </memory_area>
      <memory_area display="yes" color="green">
         <name>RAMGS14</name>
         <page_id>0x1</page_id>
         <origin>0x1a000</origin>
         <length>0x1000</length>
         <used_space>0x0</used_space>
         <unused_space>0x1000</unused_space>
         <attributes>RWIX</attributes>
         <usage_details>
         </usage_details>
      </memory_area>
      <memory_area display="yes" color="green">
         <name>RAMGS15</name>
         <page_id>0x1</page_id>
         <origin>0x1b000</origin>
         <length>0xff8</length>
         <used_space>0x0</used_space>
         <unused_space>0xff8</unused_space>
         <attributes>RWIX</attributes>
         <usage_details>
         </usage_details>
      </memory_area>
      <memory_area display="yes" color="green">
         <name>CANA_MSG_RAM</name>
         <page_id>0x1</page_id>
         <origin>0x49000</origin>
         <length>0x800</length>
         <used_space>0x0</used_space>
         <unused_space>0x800</unused_space>
         <attributes>RWIX</attributes>
         <usage_details>
         </usage_details>
      </memory_area>
      <memory_area display="yes" color="green">
         <name>CANB_MSG_RAM</name>
         <page_id>0x1</page_id>
         <origin>0x4b000</origin>
         <length>0x800</length>
         <used_space>0x0</used_space>
         <unused_space>0x800</unused_space>
         <attributes>RWIX</attributes>
         <usage_details>
         </usage_details>
      </memory_area>
      <memory_area display="yes" color="green">
         <name>EMIF1_CS2n</name>
         <page_id>0x1</page_id>
         <origin>0x100000</origin>
         <length>0x200000</length>
         <used_space>0x0</used_space>
         <unused_space>0x200000</unused_space>
         <attributes>RWIX</attributes>
         <usage_details>
         </usage_details>
      </memory_area>
      <memory_area display="yes" color="green">
         <name>EMIF1_CS3n</name>
         <page_id>0x1</page_id>
         <origin>0x300000</origin>
         <length>0x80000</length>
         <used_space>0x0</used_space>
         <unused_space>0x80000</unused_space>
         <attributes>RWIX</attributes>
         <usage_details>
         </usage_details>
      </memory_area>
      <memory_area display="yes" color="green">
         <name>EMIF1_CS4n</name>
         <page_id>0x1</page_id>
         <origin>0x380000</origin>
         <length>0x60000</length>
         <used_space>0x0</used_space>
         <unused_space>0x60000</unused_space>
         <attributes>RWIX</attributes>
         <usage_details>
         </usage_details>
      </memory_area>
      <memory_area display="yes" color="green">
         <name>EMIF1_CS0n</name>
         <page_id>0x1</page_id>
         <origin>0x80000000</origin>
         <length>0x10000000</length>
         <used_space>0x0</used_space>
         <unused_space>0x10000000</unused_space>
         <attributes>RWIX</attributes>
         <usage_details>
         </usage_details>
      </memory_area>
      <memory_area display="yes" color="green">
         <name>EMIF2_CS0n</name>
         <page_id>0x1</page_id>
         <origin>0x90000000</origin>
         <length>0x10000000</length>
         <used_space>0x0</used_space>
         <unused_space>0x10000000</unused_space>
         <attributes>RWIX</attributes>
         <usage_details>
         </usage_details>
      </memory_area>
   </placement_map>
   <cptbl_list>
      <cptbl>
         <name>__TI_cinit_table</name>
         <cprec>
            <name>.data</name>
            <load_address>0x128</load_address>
            <load_size>0x20</load_size>
            <run_address>0x9800</run_address>
            <run_size>0x46</run_size>
            <compression>lzss</compression>
         </cprec>
      </cptbl>
   </cptbl_list>
   <handler_table>
      <handler_table_name>__TI_handler_table</handler_table_name>
      <handler>
         <index>0x0</index>
         <name>__TI_decompress_lzss</name>
      </handler>
      <handler>
         <index>0x1</index>
         <name>__TI_decompress_none</name>
      </handler>
   </handler_table>
   <symbol_table>
      <symbol id="sm-1">
         <name>CLA_SCRATCHPAD_SIZE</name>
         <value>0x100</value>
      </symbol>
      <symbol id="sm-2">
         <name>__TI_CINIT_Base</name>
         <value>0x14c</value>
      </symbol>
      <symbol id="sm-3">
         <name>__TI_CINIT_Limit</name>
         <value>0x150</value>
      </symbol>
      <symbol id="sm-4">
         <name>__TI_CINIT_Warm</name>
         <value>0x150</value>
      </symbol>
      <symbol id="sm-5">
         <name>__TI_Handler_Table_Base</name>
         <value>0x148</value>
      </symbol>
      <symbol id="sm-6">
         <name>__TI_Handler_Table_Limit</name>
         <value>0x14c</value>
      </symbol>
      <symbol id="sm-7">
         <name>__TI_STACK_SIZE</name>
         <value>0x100</value>
      </symbol>
      <symbol id="sm-8">
         <name>__TI_STACK_END</name>
         <value>0x500</value>
      </symbol>
      <symbol id="sm-9">
         <name>__TI_pprof_out_hndl</name>
         <value>0xffffffff</value>
      </symbol>
      <symbol id="sm-a">
         <name>__TI_prof_data_start</name>
         <value>0xffffffff</value>
      </symbol>
      <symbol id="sm-b">
         <name>__TI_prof_data_size</name>
         <value>0xffffffff</value>
      </symbol>
      <symbol id="sm-a3">
         <name>memcpy</name>
         <value>0xbab1</value>
         <object_component_ref idref="oc-56"/>
      </symbol>
      <symbol id="sm-a4">
         <name>_nop</name>
         <value>0xbb5c</value>
         <object_component_ref idref="oc-113"/>
      </symbol>
      <symbol id="sm-a5">
         <name>pwm_configs</name>
         <value>0x9800</value>
         <object_component_ref idref="oc-182"/>
      </symbol>
      <symbol id="sm-a6">
         <name>ADC_init</name>
         <value>0xb72b</value>
         <object_component_ref idref="oc-154"/>
      </symbol>
      <symbol id="sm-a7">
         <name>_lock</name>
         <value>0x983e</value>
         <object_component_ref idref="oc-da"/>
      </symbol>
      <symbol id="sm-a8">
         <name>cmpss_configs</name>
         <value>0x982a</value>
         <object_component_ref idref="oc-190"/>
      </symbol>
      <symbol id="sm-a9">
         <name>CMPSS_init</name>
         <value>0xb885</value>
         <object_component_ref idref="oc-15a"/>
      </symbol>
      <symbol id="sm-aa">
         <name>peripheral_setup_init</name>
         <value>0xbb55</value>
         <object_component_ref idref="oc-100"/>
      </symbol>
      <symbol id="sm-ab">
         <name>__TI_decompress_lzss</name>
         <value>0xb99e</value>
         <object_component_ref idref="oc-28"/>
      </symbol>
      <symbol id="sm-ac">
         <name>__TI_decompress_none</name>
         <value>0xbb4d</value>
         <object_component_ref idref="oc-2e"/>
      </symbol>
      <symbol id="sm-ad">
         <name>adc_configs</name>
         <value>0x9832</value>
         <object_component_ref idref="oc-186"/>
      </symbol>
      <symbol id="sm-ae">
         <name>_system_pre_init</name>
         <value>0xb7fe</value>
         <object_component_ref idref="oc-8a"/>
      </symbol>
      <symbol id="sm-af">
         <name>PWM_init</name>
         <value>0xb507</value>
         <object_component_ref idref="oc-14e"/>
      </symbol>
      <symbol id="sm-bc">
         <name>main</name>
         <value>0xb900</value>
         <object_component_ref idref="oc-cf"/>
      </symbol>
      <symbol id="sm-cb">
         <name>code_start</name>
         <value>0x0</value>
         <object_component_ref idref="oc-35"/>
      </symbol>
      <symbol id="sm-ef">
         <name>Device_enableAllPeripherals</name>
         <value>0xb0af</value>
         <object_component_ref idref="oc-f4"/>
      </symbol>
      <symbol id="sm-f0">
         <name>Device_initGPIO</name>
         <value>0xb05e</value>
         <object_component_ref idref="oc-f4"/>
      </symbol>
      <symbol id="sm-f1">
         <name>Example_Fail</name>
         <value>0x983c</value>
         <object_component_ref idref="oc-124"/>
      </symbol>
      <symbol id="sm-f2">
         <name>Example_setResultFail</name>
         <value>0xb008</value>
         <object_component_ref idref="oc-f4"/>
      </symbol>
      <symbol id="sm-f3">
         <name>Device_bootCPU2</name>
         <value>0xb1ca</value>
         <object_component_ref idref="oc-f4"/>
      </symbol>
      <symbol id="sm-f4">
         <name>Device_init</name>
         <value>0xb18d</value>
         <object_component_ref idref="oc-f4"/>
      </symbol>
      <symbol id="sm-f5">
         <name>Example_Result</name>
         <value>0x9838</value>
         <object_component_ref idref="oc-124"/>
      </symbol>
      <symbol id="sm-f6">
         <name>Device_enableUnbondedGPIOPullups</name>
         <value>0xb03e</value>
         <object_component_ref idref="oc-f4"/>
      </symbol>
      <symbol id="sm-f7">
         <name>__error__</name>
         <value>0xb000</value>
         <object_component_ref idref="oc-f4"/>
      </symbol>
      <symbol id="sm-f8">
         <name>Example_setResultPass</name>
         <value>0xb003</value>
         <object_component_ref idref="oc-f4"/>
      </symbol>
      <symbol id="sm-f9">
         <name>Device_configureTMXAnalogTrim</name>
         <value>0xb07c</value>
         <object_component_ref idref="oc-f4"/>
      </symbol>
      <symbol id="sm-fa">
         <name>Device_enableUnbondedGPIOPullupsFor176Pin</name>
         <value>0xb00e</value>
         <object_component_ref idref="oc-f4"/>
      </symbol>
      <symbol id="sm-fb">
         <name>Example_done</name>
         <value>0xb00d</value>
         <object_component_ref idref="oc-f4"/>
      </symbol>
      <symbol id="sm-fc">
         <name>Example_PassCount</name>
         <value>0x983a</value>
         <object_component_ref idref="oc-124"/>
      </symbol>
      <symbol id="sm-fd">
         <name>Device_enableUnbondedGPIOPullupsFor100Pin</name>
         <value>0xb021</value>
         <object_component_ref idref="oc-f4"/>
      </symbol>
      <symbol id="sm-123">
         <name>ADC_setOffsetTrim</name>
         <value>0xb8c3</value>
         <object_component_ref idref="oc-1ac"/>
      </symbol>
      <symbol id="sm-124">
         <name>ADC_setMode</name>
         <value>0xbaf9</value>
         <object_component_ref idref="oc-189"/>
      </symbol>
      <symbol id="sm-125">
         <name>ADC_setINLTrim</name>
         <value>0xb7a2</value>
         <object_component_ref idref="oc-1a6"/>
      </symbol>
      <symbol id="sm-14a">
         <name>GPIO_setQualificationMode</name>
         <value>0xba6f</value>
         <object_component_ref idref="oc-13f"/>
      </symbol>
      <symbol id="sm-14b">
         <name>GPIO_setDirectionMode</name>
         <value>0xba91</value>
         <object_component_ref idref="oc-145"/>
      </symbol>
      <symbol id="sm-14c">
         <name>GPIO_setPinConfig</name>
         <value>0xb96e</value>
         <object_component_ref idref="oc-139"/>
      </symbol>
      <symbol id="sm-14d">
         <name>GPIO_setControllerCore</name>
         <value>0xba4d</value>
         <object_component_ref idref="oc-133"/>
      </symbol>
      <symbol id="sm-184">
         <name>Interrupt_defaultHandler</name>
         <value>0xbb19</value>
         <object_component_ref idref="oc-4d"/>
      </symbol>
      <symbol id="sm-185">
         <name>Interrupt_initModule</name>
         <value>0xb844</value>
         <object_component_ref idref="oc-fa"/>
      </symbol>
      <symbol id="sm-186">
         <name>Interrupt_nmiHandler</name>
         <value>0xbb3b</value>
         <object_component_ref idref="oc-3b"/>
      </symbol>
      <symbol id="sm-187">
         <name>Interrupt_enable</name>
         <value>0xb938</value>
         <object_component_ref idref="oc-106"/>
      </symbol>
      <symbol id="sm-188">
         <name>Interrupt_initVectorTable</name>
         <value>0xbae4</value>
         <object_component_ref idref="oc-3c"/>
      </symbol>
      <symbol id="sm-189">
         <name>Interrupt_illegalOperationHandler</name>
         <value>0xbb31</value>
         <object_component_ref idref="oc-47"/>
      </symbol>
      <symbol id="sm-1e0">
         <name>SysCtl_delay</name>
         <value>0x123</value>
         <object_component_ref idref="oc-173"/>
      </symbol>
      <symbol id="sm-1e1">
         <name>SysCtl_getDeviceParametric</name>
         <value>0xb800</value>
         <object_component_ref idref="oc-127"/>
      </symbol>
      <symbol id="sm-1e2">
         <name>SysCtl_selectXTAL</name>
         <value>0xb5f2</value>
         <object_component_ref idref="oc-197"/>
      </symbol>
      <symbol id="sm-1e3">
         <name>SysCtl_selectOscSource</name>
         <value>0xb9ce</value>
         <object_component_ref idref="oc-16d"/>
      </symbol>
      <symbol id="sm-1e4">
         <name>SysCtl_setClock</name>
         <value>0xb33a</value>
         <object_component_ref idref="oc-12d"/>
      </symbol>
      <symbol id="sm-1ee">
         <name>_c_int00</name>
         <value>0xbacd</value>
         <object_component_ref idref="oc-80"/>
      </symbol>
      <symbol id="sm-1ef">
         <name>__stack</name>
         <value>0x400</value>
         <object_component_ref idref="oc-53"/>
      </symbol>
      <symbol id="sm-1fc">
         <name>__c28xabi_divf</name>
         <value>0xb6a3</value>
         <object_component_ref idref="oc-174"/>
      </symbol>
      <symbol id="sm-20c">
         <name>__TI_auto_init_nobinit_nopinit</name>
         <value>0xb9f9</value>
         <object_component_ref idref="oc-9f"/>
      </symbol>
      <symbol id="sm-222">
         <name>C$$EXIT</name>
         <value>0xba24</value>
         <object_component_ref idref="oc-97"/>
      </symbol>
      <symbol id="sm-223">
         <name>abort</name>
         <value>0xba24</value>
         <object_component_ref idref="oc-97"/>
      </symbol>
      <symbol id="sm-224">
         <name>exit</name>
         <value>0xba26</value>
         <object_component_ref idref="oc-97"/>
      </symbol>
      <symbol id="sm-225">
         <name>__TI_dtors_ptr</name>
         <value>0x9844</value>
         <object_component_ref idref="oc-d7"/>
      </symbol>
      <symbol id="sm-226">
         <name>__TI_cleanup_ptr</name>
         <value>0x9842</value>
         <object_component_ref idref="oc-d7"/>
      </symbol>
      <symbol id="sm-227">
         <name>__TI_enable_exit_profile_output</name>
         <value>0x9840</value>
         <object_component_ref idref="oc-d7"/>
      </symbol>
      <symbol id="sm-236">
         <name>_args_main</name>
         <value>0xbb25</value>
         <object_component_ref idref="oc-91"/>
      </symbol>
      <symbol id="sm-243">
         <name>_system_post_cinit</name>
         <value>0xbb5d</value>
         <object_component_ref idref="oc-df"/>
      </symbol>
      <symbol id="sm-245">
         <name>__c_args__</name>
         <value>0x0</value>
      </symbol>
   </symbol_table>
   <title>Link successful</title>
</link_info>
