******************************************************************************
             TMS320C2000 Linker PC v22.6.1                     
******************************************************************************
>> Linked Tue Apr 29 20:31:28 2025

OUTPUT FILE NAME:   <3PH_GAN_INV_SW_CPU1.out>
ENTRY POINT SYMBOL: "code_start"  address: 00000000


MEMORY CONFIGURATION

         name            origin    length      used     unused   attr    fill
----------------------  --------  ---------  --------  --------  ----  --------
PAGE 0:
  BEGIN                 00000000   00000002  00000002  00000000  RWIX
  RAMM0                 00000123   000002dd  00000010  000002cd  RWIX
  RAMLS4_5              0000a000   00001000  00000000  00001000  RWIX
  RAMD0                 0000b000   00000800  000000d9  00000727  RWIX
  RAMD1                 0000b800   00000800  00000000  00000800  RWIX
  RAMGS5                00011000   00001000  00000000  00001000  RWIX
  RESET                 003fffc0   00000002  00000000  00000002  RWIX

PAGE 1:
  BOOT_RSVD             00000002   00000121  00000000  00000121  RWIX
  RAMM1                 00000400   000003f8  00000100  000002f8  RWIX
  CLA1_MSGRAMLOW        00001480   00000080  00000000  00000080  RWIX
  CLA1_MSGRAMHIGH       00001500   00000080  00000000  00000080  RWIX
  EMIF2_CS2n            00002000   00001000  00000000  00001000  RWIX
  RAMLS0                00008000   00000800  00000000  00000800  RWIX
  RAMLS1                00008800   00000800  00000100  00000700  RWIX
  RAMLS2                00009000   00000800  00000000  00000800  RWIX
  RAMLS3                00009800   00000800  00000008  000007f8  RWIX
  RAMGS0                0000c000   00001000  00000000  00001000  RWIX
  RAMGS1                0000d000   00001000  00000000  00001000  RWIX
  RAMGS2                0000e000   00001000  00000000  00001000  RWIX
  RAMGS3                0000f000   00001000  00000000  00001000  RWIX
  RAMGS4                00010000   00001000  00000000  00001000  RWIX
  RAMGS6                00012000   00001000  00000000  00001000  RWIX
  RAMGS7                00013000   00001000  00000000  00001000  RWIX
  RAMGS8                00014000   00001000  00000000  00001000  RWIX
  RAMGS9                00015000   00001000  00000000  00001000  RWIX
  RAMGS10               00016000   00001000  00000000  00001000  RWIX
  RAMGS11               00017000   00001000  00000000  00001000  RWIX
  RAMGS12               00018000   00001000  00000000  00001000  RWIX
  RAMGS13               00019000   00001000  00000000  00001000  RWIX
  RAMGS14               0001a000   00001000  00000000  00001000  RWIX
  RAMGS15               0001b000   00000ff8  00000000  00000ff8  RWIX
  CANA_MSG_RAM          00049000   00000800  00000000  00000800  RWIX
  CANB_MSG_RAM          0004b000   00000800  00000000  00000800  RWIX
  EMIF1_CS2n            00100000   00200000  00000000  00200000  RWIX
  EMIF1_CS3n            00300000   00080000  00000000  00080000  RWIX
  EMIF1_CS4n            00380000   00060000  00000000  00060000  RWIX
  EMIF1_CS0n            80000000   10000000  00000000  10000000  RWIX
  EMIF2_CS0n            90000000   10000000  00000000  10000000  RWIX


SECTION ALLOCATION MAP

 output                                  attributes/
section   page    origin      length       input sections
--------  ----  ----------  ----------   ----------------
codestart 
*          0    00000000    00000002     
                  00000000    00000002     F2837xD_CodeStartBranch.obj (codestart)

.cinit     0    00000124    00000010     
                  00000124    00000008     (.cinit..data.load) [load image, compression = lzss]
                  0000012c    00000004     (__TI_handler_table)
                  00000130    00000004     (__TI_cinit_table)

.reset     0    003fffc0    00000000     DSECT

.stack     1    00000400    00000100     UNINITIALIZED
                  00000400    00000100     --HOLE--

.init_array 
*          0    00000123    00000000     UNINITIALIZED

.data      1    00009800    00000008     UNINITIALIZED
                  00009800    00000006     rts2800_fpu32_eabi.lib : exit.c.obj (.data)
                  00009806    00000002                            : _lock.c.obj (.data:_lock)

CLAscratch 
*          1    00008800    00000100     UNINITIALIZED
                  00008800    00000100     --HOLE--

.text      0    0000b000    000000d9     
                  0000b000    00000030     rts2800_fpu32_eabi.lib : copy_decompress_lzss.c.obj (.text:decompress:lzss)
                  0000b030    0000002b                            : autoinit.c.obj (.text:__TI_auto_init_nobinit_nopinit)
                  0000b05b    00000029                            : exit.c.obj (.text)
                  0000b084    0000001c                            : memcpy.c.obj (.text)
                  0000b0a0    00000017                            : boot28.asm.obj (.text)
                  0000b0b7    0000000c                            : args_main.c.obj (.text)
                  0000b0c3    00000008     F2837xD_CodeStartBranch.obj (.text)
                  0000b0cb    00000008     rts2800_fpu32_eabi.lib : copy_decompress_none.c.obj (.text:decompress:none)
                  0000b0d3    00000002     main.obj (.text)
                  0000b0d5    00000002     rts2800_fpu32_eabi.lib : pre_init.c.obj (.text)
                  0000b0d7    00000001                            : _lock.c.obj (.text)
                  0000b0d8    00000001                            : startup.c.obj (.text)

MODULE SUMMARY

       Module                        code   ro data   rw data
       ------                        ----   -------   -------
    .\Control Strategies\Model Predictive Control\
       main.obj                      2      0         0      
    +--+-----------------------------+------+---------+---------+
       Total:                        2      0         0      
                                                             
    .\device\
       F2837xD_CodeStartBranch.obj   10     0         0      
    +--+-----------------------------+------+---------+---------+
       Total:                        10     0         0      
                                                             
    C:\ti\ccs2010\ccs\tools\compiler\ti-cgt-c2000_22.6.1.LTS\lib\rts2800_fpu32_eabi.lib
       copy_decompress_lzss.c.obj    48     0         0      
       exit.c.obj                    41     0         6      
       autoinit.c.obj                43     0         0      
       memcpy.c.obj                  28     0         0      
       boot28.asm.obj                23     0         0      
       args_main.c.obj               12     0         0      
       copy_decompress_none.c.obj    8      0         0      
       _lock.c.obj                   1      0         2      
       pre_init.c.obj                2      0         0      
       startup.c.obj                 1      0         0      
    +--+-----------------------------+------+---------+---------+
       Total:                        207    0         8      
                                                             
       Stack:                        0      0         256    
       Linker Generated:             0      16        0      
    +--+-----------------------------+------+---------+---------+
       Grand Total:                  219    16        264    


LINKER GENERATED COPY TABLES

__TI_cinit_table @ 00000130 records: 1, size/record: 4, table size: 4
	.data: load addr=00000124, load size=00000008 bytes, run addr=00009800, run size=00000008 bytes, compression=lzss


LINKER GENERATED HANDLER TABLE

__TI_handler_table @ 0000012c records: 2, size/record: 2, table size: 4
	index: 0, handler: __TI_decompress_lzss
	index: 1, handler: __TI_decompress_none


GLOBAL DATA SYMBOLS: SORTED BY DATA PAGE

address     data page           name
--------    ----------------    ----
00000400      10 (00000400)     __stack

00009800     260 (00009800)     __TI_enable_exit_profile_output
00009802     260 (00009800)     __TI_cleanup_ptr
00009804     260 (00009800)     __TI_dtors_ptr
00009806     260 (00009800)     _lock


GLOBAL SYMBOLS: SORTED ALPHABETICALLY BY Name 

page  address   name                           
----  -------   ----                           
0     0000b05b  C$$EXIT                        
abs   00000100  CLA_SCRATCHPAD_SIZE            
0     00000130  __TI_CINIT_Base                
0     00000134  __TI_CINIT_Limit               
0     00000134  __TI_CINIT_Warm                
0     0000012c  __TI_Handler_Table_Base        
0     00000130  __TI_Handler_Table_Limit       
1     00000500  __TI_STACK_END                 
abs   00000100  __TI_STACK_SIZE                
0     0000b030  __TI_auto_init_nobinit_nopinit 
1     00009802  __TI_cleanup_ptr               
0     0000b000  __TI_decompress_lzss           
0     0000b0cb  __TI_decompress_none           
1     00009804  __TI_dtors_ptr                 
1     00009800  __TI_enable_exit_profile_output
abs   ffffffff  __TI_pprof_out_hndl            
abs   ffffffff  __TI_prof_data_size            
abs   ffffffff  __TI_prof_data_start           
n/a   UNDEFED   __c_args__                     
1     00000400  __stack                        
0     0000b0b7  _args_main                     
0     0000b0a0  _c_int00                       
1     00009806  _lock                          
0     0000b0d7  _nop                           
0     0000b0d8  _system_post_cinit             
0     0000b0d5  _system_pre_init               
0     0000b05b  abort                          
0     00000000  code_start                     
0     0000b05d  exit                           
0     0000b0d3  main                           
0     0000b084  memcpy                         


GLOBAL SYMBOLS: SORTED BY Symbol Address 

page  address   name                           
----  -------   ----                           
0     00000000  code_start                     
0     0000012c  __TI_Handler_Table_Base        
0     00000130  __TI_CINIT_Base                
0     00000130  __TI_Handler_Table_Limit       
0     00000134  __TI_CINIT_Limit               
0     00000134  __TI_CINIT_Warm                
0     0000b000  __TI_decompress_lzss           
0     0000b030  __TI_auto_init_nobinit_nopinit 
0     0000b05b  C$$EXIT                        
0     0000b05b  abort                          
0     0000b05d  exit                           
0     0000b084  memcpy                         
0     0000b0a0  _c_int00                       
0     0000b0b7  _args_main                     
0     0000b0cb  __TI_decompress_none           
0     0000b0d3  main                           
0     0000b0d5  _system_pre_init               
0     0000b0d7  _nop                           
0     0000b0d8  _system_post_cinit             
1     00000400  __stack                        
1     00000500  __TI_STACK_END                 
1     00009800  __TI_enable_exit_profile_output
1     00009802  __TI_cleanup_ptr               
1     00009804  __TI_dtors_ptr                 
1     00009806  _lock                          
abs   00000100  CLA_SCRATCHPAD_SIZE            
abs   00000100  __TI_STACK_SIZE                
abs   ffffffff  __TI_pprof_out_hndl            
abs   ffffffff  __TI_prof_data_size            
abs   ffffffff  __TI_prof_data_start           
n/a   UNDEFED   __c_args__                     

[31 symbols]
