******************************************************************************
             TMS320C2000 Linker PC v22.6.1                     
******************************************************************************
>> Linked Thu May  1 16:06:43 2025

OUTPUT FILE NAME:   <3PH_GAN_INV_SW_CPU1.out>
ENTRY POINT SYMBOL: "code_start"  address: 00000000


MEMORY CONFIGURATION

         name            origin    length      used     unused   attr    fill
----------------------  --------  ---------  --------  --------  ----  --------
PAGE 0:
  BEGIN                 00000000   00000002  00000002  00000000  RWIX
  RAMM0                 00000123   000002dd  0000002c  000002b1  RWIX
  RAMLS4_5              0000a000   00001000  00000000  00001000  RWIX
  RAMD0                 0000b000   00000800  00000800  00000000  RWIX
  RAMD1                 0000b800   00000800  0000035e  000004a2  RWIX
  RAMGS5                00011000   00001000  00000000  00001000  RWIX
  RESET                 003fffc0   00000002  00000000  00000002  RWIX

PAGE 1:
  BOOT_RSVD             00000002   00000121  00000000  00000121  RWIX
  RAMM1                 00000400   000003f8  00000100  000002f8  RWIX
  CLA1_MSGRAMLOW        00001480   00000080  00000000  00000080  RWIX
  CLA1_MSGRAMHIGH       00001500   00000080  00000000  00000080  RWIX
  EMIF2_CS2n            00002000   00001000  00000000  00001000  RWIX
  RAMLS0                00008000   00000800  00000000  00000800  RWIX
  RAMLS1                00008800   00000800  00000100  00000700  RWIX
  RAMLS2                00009000   00000800  00000000  00000800  RWIX
  RAMLS3                00009800   00000800  00000046  000007ba  RWIX
  RAMGS0                0000c000   00001000  00000000  00001000  RWIX
  RAMGS1                0000d000   00001000  00000000  00001000  RWIX
  RAMGS2                0000e000   00001000  00000000  00001000  RWIX
  RAMGS3                0000f000   00001000  00000000  00001000  RWIX
  RAMGS4                00010000   00001000  00000000  00001000  RWIX
  RAMGS6                00012000   00001000  00000000  00001000  RWIX
  RAMGS7                00013000   00001000  00000000  00001000  RWIX
  RAMGS8                00014000   00001000  00000000  00001000  RWIX
  RAMGS9                00015000   00001000  00000000  00001000  RWIX
  RAMGS10               00016000   00001000  00000000  00001000  RWIX
  RAMGS11               00017000   00001000  00000000  00001000  RWIX
  RAMGS12               00018000   00001000  00000000  00001000  RWIX
  RAMGS13               00019000   00001000  00000000  00001000  RWIX
  RAMGS14               0001a000   00001000  00000000  00001000  RWIX
  RAMGS15               0001b000   00000ff8  00000000  00000ff8  RWIX
  CANA_MSG_RAM          00049000   00000800  00000000  00000800  RWIX
  CANB_MSG_RAM          0004b000   00000800  00000000  00000800  RWIX
  EMIF1_CS2n            00100000   00200000  00000000  00200000  RWIX
  EMIF1_CS3n            00300000   00080000  00000000  00080000  RWIX
  EMIF1_CS4n            00380000   00060000  00000000  00060000  RWIX
  EMIF1_CS0n            80000000   10000000  00000000  10000000  RWIX
  EMIF2_CS0n            90000000   10000000  00000000  10000000  RWIX


SECTION ALLOCATION MAP

 output                                  attributes/
section   page    origin      length       input sections
--------  ----  ----------  ----------   ----------------
codestart 
*          0    00000000    00000002     
                  00000000    00000002     F2837xD_CodeStartBranch.obj (codestart)

.cinit     0    00000128    00000028     
                  00000128    00000020     (.cinit..data.load) [load image, compression = lzss]
                  00000148    00000004     (__TI_handler_table)
                  0000014c    00000004     (__TI_cinit_table)

.reset     0    003fffc0    00000000     DSECT

.stack     1    00000400    00000100     UNINITIALIZED
                  00000400    00000100     --HOLE--

.init_array 
*          0    00000123    00000000     UNINITIALIZED

.data      1    00009800    00000046     UNINITIALIZED
                  00009800    0000002a     pwm_driver.obj (.data:pwm_configs)
                  0000982a    00000008     cmpss_driver.obj (.data:cmpss_configs)
                  00009832    00000006     adc_driver.obj (.data:adc_configs)
                  00009838    00000006     device.obj (.data)
                  0000983e    00000002     rts2800_fpu32_eabi.lib : _lock.c.obj (.data:_lock)
                  00009840    00000006                            : exit.c.obj (.data)

.TI.ramfunc 
*          0    00000123    00000004     
                  00000123    00000004     driverlib_eabi.lib : sysctl.obj (.TI.ramfunc)

CLAscratch 
*          1    00008800    00000100     UNINITIALIZED
                  00008800    00000100     --HOLE--

.text.1    0    0000b000    00000800     
                  0000b000    0000033a     device.obj (.text)
                  0000b33a    000001cd     driverlib_eabi.lib : sysctl.obj (.text:SysCtl_setClock)
                  0000b507    000000eb     pwm_driver.obj (.text)
                  0000b5f2    000000b1     driverlib_eabi.lib : sysctl.obj (.text:SysCtl_selectXTAL)
                  0000b6a3    00000088     rts2800_fpu32_eabi.lib : fs_div28.asm.obj (.text)
                  0000b72b    00000077     adc_driver.obj (.text)
                  0000b7a2    0000005c     driverlib_eabi.lib : adc.obj (.text:ADC_setINLTrim)
                  0000b7fe    00000002     rts2800_fpu32_eabi.lib : pre_init.c.obj (.text)

.text.2    0    0000b800    0000035e     
                  0000b800    00000044     driverlib_eabi.lib : sysctl.obj (.text:SysCtl_getDeviceParametric)
                  0000b844    00000041                        : interrupt.obj (.text:Interrupt_initModule)
                  0000b885    0000003e     cmpss_driver.obj (.text)
                  0000b8c3    0000003d     driverlib_eabi.lib : adc.obj (.text:ADC_setOffsetTrim)
                  0000b900    00000038     main.obj (.text)
                  0000b938    00000036     driverlib_eabi.lib : interrupt.obj (.text:Interrupt_enable)
                  0000b96e    00000030                        : gpio.obj (.text:GPIO_setPinConfig)
                  0000b99e    00000030     rts2800_fpu32_eabi.lib : copy_decompress_lzss.c.obj (.text:decompress:lzss)
                  0000b9ce    0000002b     driverlib_eabi.lib : sysctl.obj (.text:SysCtl_selectOscSource)
                  0000b9f9    0000002b     rts2800_fpu32_eabi.lib : autoinit.c.obj (.text:__TI_auto_init_nobinit_nopinit)
                  0000ba24    00000029                            : exit.c.obj (.text)
                  0000ba4d    00000022     driverlib_eabi.lib : gpio.obj (.text:GPIO_setControllerCore)
                  0000ba6f    00000022                        : gpio.obj (.text:GPIO_setQualificationMode)
                  0000ba91    00000020                        : gpio.obj (.text:GPIO_setDirectionMode)
                  0000bab1    0000001c     rts2800_fpu32_eabi.lib : memcpy.c.obj (.text)
                  0000bacd    00000017                            : boot28.asm.obj (.text)
                  0000bae4    00000015     driverlib_eabi.lib : interrupt.obj (.text:Interrupt_initVectorTable)
                  0000baf9    00000011                        : adc.obj (.text:ADC_setMode)
                  0000bb0a    0000000f                        : sysctl.obj (.text:SysCtl_pollCpuTimer)
                  0000bb19    0000000c                        : interrupt.obj (.text:Interrupt_defaultHandler)
                  0000bb25    0000000c     rts2800_fpu32_eabi.lib : args_main.c.obj (.text)
                  0000bb31    0000000a     driverlib_eabi.lib : interrupt.obj (.text:Interrupt_illegalOperationHandler)
                  0000bb3b    0000000a                        : interrupt.obj (.text:Interrupt_nmiHandler)
                  0000bb45    00000008     F2837xD_CodeStartBranch.obj (.text)
                  0000bb4d    00000008     rts2800_fpu32_eabi.lib : copy_decompress_none.c.obj (.text:decompress:none)
                  0000bb55    00000007     peripheral_setup.obj (.text)
                  0000bb5c    00000001     rts2800_fpu32_eabi.lib : _lock.c.obj (.text)
                  0000bb5d    00000001                            : startup.c.obj (.text)

MODULE SUMMARY

       Module                        code   ro data   rw data
       ------                        ----   -------   -------
    .\Control Strategies\Model Predictive Control\
       main.obj                      56     0         0      
    +--+-----------------------------+------+---------+---------+
       Total:                        56     0         0      
                                                             
    .\device\
       device.obj                    826    0         6      
       F2837xD_CodeStartBranch.obj   10     0         0      
    +--+-----------------------------+------+---------+---------+
       Total:                        836    0         6      
                                                             
    .\src\peripherals\
       pwm_driver.obj                235    0         42     
       adc_driver.obj                119    0         6      
       cmpss_driver.obj              62     0         8      
       peripheral_setup.obj          7      0         0      
    +--+-----------------------------+------+---------+---------+
       Total:                        423    0         56     
                                                             
    C:\ti\c2000\C2000Ware_5_04_00_00\driverlib\f2837xd\driverlib\ccs\Release\driverlib_eabi.lib
       sysctl.obj                    768    0         0      
       interrupt.obj                 172    0         0      
       adc.obj                       170    0         0      
       gpio.obj                      148    0         0      
    +--+-----------------------------+------+---------+---------+
       Total:                        1258   0         0      
                                                             
    C:\ti\ccs2010\ccs\tools\compiler\ti-cgt-c2000_22.6.1.LTS\lib\rts2800_fpu32_eabi.lib
       fs_div28.asm.obj              136    0         0      
       copy_decompress_lzss.c.obj    48     0         0      
       exit.c.obj                    41     0         6      
       autoinit.c.obj                43     0         0      
       memcpy.c.obj                  28     0         0      
       boot28.asm.obj                23     0         0      
       args_main.c.obj               12     0         0      
       copy_decompress_none.c.obj    8      0         0      
       _lock.c.obj                   1      0         2      
       pre_init.c.obj                2      0         0      
       startup.c.obj                 1      0         0      
    +--+-----------------------------+------+---------+---------+
       Total:                        343    0         8      
                                                             
       Stack:                        0      0         256    
       Linker Generated:             0      40        0      
    +--+-----------------------------+------+---------+---------+
       Grand Total:                  2916   40        326    


LINKER GENERATED COPY TABLES

__TI_cinit_table @ 0000014c records: 1, size/record: 4, table size: 4
	.data: load addr=00000128, load size=00000020 bytes, run addr=00009800, run size=00000046 bytes, compression=lzss


LINKER GENERATED HANDLER TABLE

__TI_handler_table @ 00000148 records: 2, size/record: 2, table size: 4
	index: 0, handler: __TI_decompress_lzss
	index: 1, handler: __TI_decompress_none


GLOBAL DATA SYMBOLS: SORTED BY DATA PAGE

address     data page           name
--------    ----------------    ----
00000400      10 (00000400)     __stack

00009800     260 (00009800)     pwm_configs
0000982a     260 (00009800)     cmpss_configs
00009832     260 (00009800)     adc_configs
00009838     260 (00009800)     Example_Result
0000983a     260 (00009800)     Example_PassCount
0000983c     260 (00009800)     Example_Fail
0000983e     260 (00009800)     _lock

00009840     261 (00009840)     __TI_enable_exit_profile_output
00009842     261 (00009840)     __TI_cleanup_ptr
00009844     261 (00009840)     __TI_dtors_ptr


GLOBAL SYMBOLS: SORTED ALPHABETICALLY BY Name 

page  address   name                                     
----  -------   ----                                     
0     0000b72b  ADC_init                                 
0     0000b7a2  ADC_setINLTrim                           
0     0000baf9  ADC_setMode                              
0     0000b8c3  ADC_setOffsetTrim                        
0     0000ba24  C$$EXIT                                  
abs   00000100  CLA_SCRATCHPAD_SIZE                      
0     0000b885  CMPSS_init                               
0     0000b1ca  Device_bootCPU2                          
0     0000b07c  Device_configureTMXAnalogTrim            
0     0000b0af  Device_enableAllPeripherals              
0     0000b03e  Device_enableUnbondedGPIOPullups         
0     0000b021  Device_enableUnbondedGPIOPullupsFor100Pin
0     0000b00e  Device_enableUnbondedGPIOPullupsFor176Pin
0     0000b18d  Device_init                              
0     0000b05e  Device_initGPIO                          
1     0000983c  Example_Fail                             
1     0000983a  Example_PassCount                        
1     00009838  Example_Result                           
0     0000b00d  Example_done                             
0     0000b008  Example_setResultFail                    
0     0000b003  Example_setResultPass                    
0     0000ba4d  GPIO_setControllerCore                   
0     0000ba91  GPIO_setDirectionMode                    
0     0000b96e  GPIO_setPinConfig                        
0     0000ba6f  GPIO_setQualificationMode                
0     0000bb19  Interrupt_defaultHandler                 
0     0000b938  Interrupt_enable                         
0     0000bb31  Interrupt_illegalOperationHandler        
0     0000b844  Interrupt_initModule                     
0     0000bae4  Interrupt_initVectorTable                
0     0000bb3b  Interrupt_nmiHandler                     
0     0000b507  PWM_init                                 
0     00000123  SysCtl_delay                             
0     0000b800  SysCtl_getDeviceParametric               
0     0000b9ce  SysCtl_selectOscSource                   
0     0000b5f2  SysCtl_selectXTAL                        
0     0000b33a  SysCtl_setClock                          
0     0000014c  __TI_CINIT_Base                          
0     00000150  __TI_CINIT_Limit                         
0     00000150  __TI_CINIT_Warm                          
0     00000148  __TI_Handler_Table_Base                  
0     0000014c  __TI_Handler_Table_Limit                 
1     00000500  __TI_STACK_END                           
abs   00000100  __TI_STACK_SIZE                          
0     0000b9f9  __TI_auto_init_nobinit_nopinit           
1     00009842  __TI_cleanup_ptr                         
0     0000b99e  __TI_decompress_lzss                     
0     0000bb4d  __TI_decompress_none                     
1     00009844  __TI_dtors_ptr                           
1     00009840  __TI_enable_exit_profile_output          
abs   ffffffff  __TI_pprof_out_hndl                      
abs   ffffffff  __TI_prof_data_size                      
abs   ffffffff  __TI_prof_data_start                     
0     0000b6a3  __c28xabi_divf                           
n/a   UNDEFED   __c_args__                               
0     0000b000  __error__                                
1     00000400  __stack                                  
0     0000bb25  _args_main                               
0     0000bacd  _c_int00                                 
1     0000983e  _lock                                    
0     0000bb5c  _nop                                     
0     0000bb5d  _system_post_cinit                       
0     0000b7fe  _system_pre_init                         
0     0000ba24  abort                                    
1     00009832  adc_configs                              
1     0000982a  cmpss_configs                            
0     00000000  code_start                               
0     0000ba26  exit                                     
0     0000b900  main                                     
0     0000bab1  memcpy                                   
0     0000bb55  peripheral_setup_init                    
1     00009800  pwm_configs                              


GLOBAL SYMBOLS: SORTED BY Symbol Address 

page  address   name                                     
----  -------   ----                                     
0     00000000  code_start                               
0     00000123  SysCtl_delay                             
0     00000148  __TI_Handler_Table_Base                  
0     0000014c  __TI_CINIT_Base                          
0     0000014c  __TI_Handler_Table_Limit                 
0     00000150  __TI_CINIT_Limit                         
0     00000150  __TI_CINIT_Warm                          
0     0000b000  __error__                                
0     0000b003  Example_setResultPass                    
0     0000b008  Example_setResultFail                    
0     0000b00d  Example_done                             
0     0000b00e  Device_enableUnbondedGPIOPullupsFor176Pin
0     0000b021  Device_enableUnbondedGPIOPullupsFor100Pin
0     0000b03e  Device_enableUnbondedGPIOPullups         
0     0000b05e  Device_initGPIO                          
0     0000b07c  Device_configureTMXAnalogTrim            
0     0000b0af  Device_enableAllPeripherals              
0     0000b18d  Device_init                              
0     0000b1ca  Device_bootCPU2                          
0     0000b33a  SysCtl_setClock                          
0     0000b507  PWM_init                                 
0     0000b5f2  SysCtl_selectXTAL                        
0     0000b6a3  __c28xabi_divf                           
0     0000b72b  ADC_init                                 
0     0000b7a2  ADC_setINLTrim                           
0     0000b7fe  _system_pre_init                         
0     0000b800  SysCtl_getDeviceParametric               
0     0000b844  Interrupt_initModule                     
0     0000b885  CMPSS_init                               
0     0000b8c3  ADC_setOffsetTrim                        
0     0000b900  main                                     
0     0000b938  Interrupt_enable                         
0     0000b96e  GPIO_setPinConfig                        
0     0000b99e  __TI_decompress_lzss                     
0     0000b9ce  SysCtl_selectOscSource                   
0     0000b9f9  __TI_auto_init_nobinit_nopinit           
0     0000ba24  C$$EXIT                                  
0     0000ba24  abort                                    
0     0000ba26  exit                                     
0     0000ba4d  GPIO_setControllerCore                   
0     0000ba6f  GPIO_setQualificationMode                
0     0000ba91  GPIO_setDirectionMode                    
0     0000bab1  memcpy                                   
0     0000bacd  _c_int00                                 
0     0000bae4  Interrupt_initVectorTable                
0     0000baf9  ADC_setMode                              
0     0000bb19  Interrupt_defaultHandler                 
0     0000bb25  _args_main                               
0     0000bb31  Interrupt_illegalOperationHandler        
0     0000bb3b  Interrupt_nmiHandler                     
0     0000bb4d  __TI_decompress_none                     
0     0000bb55  peripheral_setup_init                    
0     0000bb5c  _nop                                     
0     0000bb5d  _system_post_cinit                       
1     00000400  __stack                                  
1     00000500  __TI_STACK_END                           
1     00009800  pwm_configs                              
1     0000982a  cmpss_configs                            
1     00009832  adc_configs                              
1     00009838  Example_Result                           
1     0000983a  Example_PassCount                        
1     0000983c  Example_Fail                             
1     0000983e  _lock                                    
1     00009840  __TI_enable_exit_profile_output          
1     00009842  __TI_cleanup_ptr                         
1     00009844  __TI_dtors_ptr                           
abs   00000100  CLA_SCRATCHPAD_SIZE                      
abs   00000100  __TI_STACK_SIZE                          
abs   ffffffff  __TI_pprof_out_hndl                      
abs   ffffffff  __TI_prof_data_size                      
abs   ffffffff  __TI_prof_data_start                     
n/a   UNDEFED   __c_args__                               

[72 symbols]
