******************************************************************************
             TMS320C2000 Linker PC v22.6.1                     
******************************************************************************
>> Linked Tue Apr  8 20:57:38 2025

OUTPUT FILE NAME:   <3PH_GAN_INV_SW_CPU1.out>
ENTRY POINT SYMBOL: "code_start"  address: 00000000


MEMORY CONFIGURATION

         name            origin    length      used     unused   attr    fill
----------------------  --------  ---------  --------  --------  ----  --------
PAGE 0:
  BEGIN                 00000000   00000002  00000002  00000000  RWIX
  RAMM0                 00000123   000002dd  00000016  000002c7  RWIX
  RAMLS0                00008000   00000800  0000025b  000005a5  RWIX
  RAMLS1                00008800   00000800  00000000  00000800  RWIX
  RAMLS2                00009000   00000800  00000000  00000800  RWIX
  RAMLS3                00009800   00000800  00000000  00000800  RWIX
  RAMLS4                0000a000   00000800  00000000  00000800  RWIX
  RAMD0                 0000b000   00000800  00000800  00000000  RWIX
  FLASHA                00080002   00001ffe  00000000  00001ffe  RWIX
  FLASHB                00082000   00002000  00000000  00002000  RWIX
  FLASHC                00084000   00002000  00000000  00002000  RWIX
  FLASHD                00086000   00002000  00000000  00002000  RWIX
  FLASHE                00088000   00008000  00000000  00008000  RWIX
  FLASHF                00090000   00008000  00000000  00008000  RWIX
  FLASHG                00098000   00008000  00000000  00008000  RWIX
  FLASHH                000a0000   00008000  00000000  00008000  RWIX
  FLASHI                000a8000   00008000  00000000  00008000  RWIX
  FLASHJ                000b0000   00008000  00000000  00008000  RWIX
  FLASHK                000b8000   00002000  00000000  00002000  RWIX
  FLASHL                000ba000   00002000  00000000  00002000  RWIX
  FLASHM                000bc000   00002000  00000000  00002000  RWIX
  FLASHN                000be000   00001ff0  00000000  00001ff0  RWIX
  RESET                 003fffc0   00000002  00000000  00000002  RWIX

PAGE 1:
  BOOT_RSVD             00000002   00000121  00000000  00000121  RWIX
  RAMM1                 00000400   000003f8  00000100  000002f8  RWIX
  RAMLS5                0000a800   00000800  0000018c  00000674  RWIX
  RAMD1                 0000b800   00000800  00000000  00000800  RWIX
  RAMGS0                0000c000   00001000  00000000  00001000  RWIX
  RAMGS1                0000d000   00001000  00000000  00001000  RWIX
  RAMGS2                0000e000   00001000  00000000  00001000  RWIX
  RAMGS3                0000f000   00001000  00000000  00001000  RWIX
  RAMGS4                00010000   00001000  00000000  00001000  RWIX
  RAMGS5                00011000   00001000  00000000  00001000  RWIX
  RAMGS6                00012000   00001000  00000000  00001000  RWIX
  RAMGS7                00013000   00001000  00000000  00001000  RWIX
  RAMGS8                00014000   00001000  00000000  00001000  RWIX
  RAMGS9                00015000   00001000  00000000  00001000  RWIX
  RAMGS10               00016000   00001000  00000000  00001000  RWIX
  RAMGS11               00017000   00001000  00000000  00001000  RWIX
  RAMGS12               00018000   00001000  00000000  00001000  RWIX
  RAMGS13               00019000   00001000  00000000  00001000  RWIX
  RAMGS14               0001a000   00001000  00000000  00001000  RWIX
  RAMGS15               0001b000   00000ff8  00000000  00000ff8  RWIX
  CPU2TOCPU1RAM         0003f800   00000400  00000000  00000400  RWIX
  CPU1TOCPU2RAM         0003fc00   00000400  00000000  00000400  RWIX
  CANA_MSG_RAM          00049000   00000800  00000000  00000800  RWIX
  CANB_MSG_RAM          0004b000   00000800  00000000  00000800  RWIX


SECTION ALLOCATION MAP

 output                                  attributes/
section   page    origin      length       input sections
--------  ----  ----------  ----------   ----------------
codestart 
*          0    00000000    00000002     
                  00000000    00000002     F2837xD_CodeStartBranch.obj (codestart)

.cinit     0    00000128    00000012     
                  00000128    00000009     (.cinit..data.load) [load image, compression = lzss]
                  00000131    00000001     --HOLE-- [fill = 0]
                  00000132    00000004     (__TI_handler_table)
                  00000136    00000004     (__TI_cinit_table)

.reset     0    003fffc0    00000000     DSECT

.stack     1    00000400    00000100     UNINITIALIZED
                  00000400    00000100     --HOLE--

.init_array 
*          0    00000123    00000000     UNINITIALIZED

.const     1    0000a800    0000017e     
                  0000a800    000000c2     driverlib_eabi.lib : sysctl.obj (.const:.string)
                  0000a8c2    000000bc                        : gpio.obj (.const:.string)

.data      1    0000a97e    0000000e     UNINITIALIZED
                  0000a97e    00000002     rts2800_fpu32_eabi.lib : _lock.c.obj (.data:_lock)
                  0000a980    00000006     device.obj (.data)
                  0000a986    00000006     rts2800_fpu32_eabi.lib : exit.c.obj (.data)

.TI.ramfunc 
*          0    00000123    00000004     
                  00000123    00000004     driverlib_eabi.lib : sysctl.obj (.TI.ramfunc)

GETBUFFER 
*          0    0003f800    00000000     DSECT

GETWRITEIDX 
*          0    0003f800    00000000     DSECT

PUTREADIDX 
*          0    0003f800    00000000     DSECT

.text.1    0    00008000    0000025b     
                  00008000    00000031     driverlib_eabi.lib : gpio.obj (.text:GPIO_setDirectionMode)
                  00008031    00000030     rts2800_fpu32_eabi.lib : copy_decompress_lzss.c.obj (.text:decompress:lzss)
                  00008061    0000002b                            : autoinit.c.obj (.text:__TI_auto_init_nobinit_nopinit)
                  0000808c    00000029                            : exit.c.obj (.text)
                  000080b5    00000028     driverlib_eabi.lib : sysctl.obj (.text:CPUTimer_selectClockSource)
                  000080dd    0000001f                        : sysctl.obj (.text:CPUTimer_getTimerOverflowStatus)
                  000080fc    0000001e                        : interrupt.obj (.text:Interrupt_initVectorTable)
                  0000811a    0000001c     rts2800_fpu32_eabi.lib : memcpy.c.obj (.text)
                  00008136    0000001a     driverlib_eabi.lib : sysctl.obj (.text:CPUTimer_startTimer)
                  00008150    00000018     main.obj (.text)
                  00008168    00000017     driverlib_eabi.lib : sysctl.obj (.text:CPUTimer_isBaseValid)
                  0000817f    00000017     rts2800_fpu32_eabi.lib : boot28.asm.obj (.text)
                  00008196    00000016     driverlib_eabi.lib : interrupt.obj (.text:Interrupt_defaultHandler)
                  000081ac    00000014                        : sysctl.obj (.text:CPUTimer_stopTimer)
                  000081c0    00000012                        : sysctl.obj (.text:CPUTimer_disableInterrupt)
                  000081d2    00000011                        : sysctl.obj (.text:CPUTimer_setPeriod)
                  000081e3    0000000f                        : sysctl.obj (.text:SysCtl_pollCpuTimer)
                  000081f2    0000000e                        : gpio.obj (.text:GPIO_isPinValid)
                  00008200    0000000d                        : interrupt.obj (.text:Interrupt_disableGlobal)
                  0000820d    0000000c     rts2800_fpu32_eabi.lib : args_main.c.obj (.text)
                  00008219    0000000b     driverlib_eabi.lib : sysctl.obj (.text:SysCtl_isMCDClockFailureDetected)
                  00008224    0000000a                        : interrupt.obj (.text:Interrupt_illegalOperationHandler)
                  0000822e    0000000a                        : interrupt.obj (.text:Interrupt_nmiHandler)
                  00008238    00000009                        : sysctl.obj (.text:SysCtl_serviceWatchdog)
                  00008241    00000008     F2837xD_CodeStartBranch.obj (.text)
                  00008249    00000008     rts2800_fpu32_eabi.lib : copy_decompress_none.c.obj (.text:decompress:none)
                  00008251    00000007     driverlib_eabi.lib : sysctl.obj (.text:SysCtl_resetMCD)
                  00008258    00000002     rts2800_fpu32_eabi.lib : pre_init.c.obj (.text)
                  0000825a    00000001                            : startup.c.obj (.text)

.text.2    0    0000b000    00000800     
                  0000b000    0000033a     device.obj (.text)
                  0000b33a    00000209     driverlib_eabi.lib : sysctl.obj (.text:SysCtl_setClock)
                  0000b543    00000090                        : sysctl.obj (.text:SysCtl_selectXTAL)
                  0000b5d3    00000088     rts2800_fpu32_eabi.lib : fs_div28.asm.obj (.text)
                  0000b65b    00000068     driverlib_eabi.lib : sysctl.obj (.text:SysCtl_getDeviceParametric)
                  0000b6c3    00000048                        : sysctl.obj (.text:SysCtl_selectOscSource)
                  0000b70b    0000003d                        : interrupt.obj (.text:Interrupt_initModule)
                  0000b748    00000037                        : gpio.obj (.text:GPIO_setControllerCore)
                  0000b77f    00000037                        : gpio.obj (.text:GPIO_setPinConfig)
                  0000b7b6    00000037                        : gpio.obj (.text:GPIO_setQualificationMode)
                  0000b7ed    00000012                        : sysctl.obj (.text:CPUTimer_clearOverflowFlag)
                  0000b7ff    00000001     rts2800_fpu32_eabi.lib : _lock.c.obj (.text)

MODULE SUMMARY

       Module                        code   ro data   rw data
       ------                        ----   -------   -------
    .\device\
       device.obj                    826    0         6      
       F2837xD_CodeStartBranch.obj   10     0         0      
    +--+-----------------------------+------+---------+---------+
       Total:                        836    0         6      
                                                             
    .\main\
       main.obj                      24     0         0      
    +--+-----------------------------+------+---------+---------+
       Total:                        24     0         0      
                                                             
    C:\ti\c2000\C2000Ware_5_04_00_00\driverlib\f2837xd\driverlib\ccs\Debug\driverlib_eabi.lib
       sysctl.obj                    1080   194       0      
       gpio.obj                      228    188       0      
       interrupt.obj                 146    0         0      
    +--+-----------------------------+------+---------+---------+
       Total:                        1454   382       0      
                                                             
    C:\ti\ccs2010\ccs\tools\compiler\ti-cgt-c2000_22.6.1.LTS\lib\rts2800_fpu32_eabi.lib
       fs_div28.asm.obj              136    0         0      
       copy_decompress_lzss.c.obj    48     0         0      
       exit.c.obj                    41     0         6      
       autoinit.c.obj                43     0         0      
       memcpy.c.obj                  28     0         0      
       boot28.asm.obj                23     0         0      
       args_main.c.obj               12     0         0      
       copy_decompress_none.c.obj    8      0         0      
       _lock.c.obj                   1      0         2      
       pre_init.c.obj                2      0         0      
       startup.c.obj                 1      0         0      
    +--+-----------------------------+------+---------+---------+
       Total:                        343    0         8      
                                                             
       Stack:                        0      0         256    
       Linker Generated:             0      17        0      
    +--+-----------------------------+------+---------+---------+
       Grand Total:                  2657   399       270    


LINKER GENERATED COPY TABLES

__TI_cinit_table @ 00000136 records: 1, size/record: 4, table size: 4
	.data: load addr=00000128, load size=00000009 bytes, run addr=0000a97e, run size=0000000e bytes, compression=lzss


LINKER GENERATED HANDLER TABLE

__TI_handler_table @ 00000132 records: 2, size/record: 2, table size: 4
	index: 0, handler: __TI_decompress_lzss
	index: 1, handler: __TI_decompress_none


GLOBAL DATA SYMBOLS: SORTED BY DATA PAGE

address     data page           name
--------    ----------------    ----
00000400      10 (00000400)     __stack

0000a97e     2a5 (0000a940)     _lock

0000a980     2a6 (0000a980)     Example_Result
0000a982     2a6 (0000a980)     Example_PassCount
0000a984     2a6 (0000a980)     Example_Fail
0000a986     2a6 (0000a980)     __TI_enable_exit_profile_output
0000a988     2a6 (0000a980)     __TI_cleanup_ptr
0000a98a     2a6 (0000a980)     __TI_dtors_ptr


GLOBAL SYMBOLS: SORTED ALPHABETICALLY BY Name 

page  address   name                                     
----  -------   ----                                     
0     0000808c  C$$EXIT                                  
0     0000b1ca  Device_bootCPU2                          
0     0000b07c  Device_configureTMXAnalogTrim            
0     0000b0af  Device_enableAllPeripherals              
0     0000b03e  Device_enableUnbondedGPIOPullups         
0     0000b021  Device_enableUnbondedGPIOPullupsFor100Pin
0     0000b00e  Device_enableUnbondedGPIOPullupsFor176Pin
0     0000b18d  Device_init                              
0     0000b05e  Device_initGPIO                          
1     0000a984  Example_Fail                             
1     0000a982  Example_PassCount                        
1     0000a980  Example_Result                           
0     0000b00d  Example_done                             
0     0000b008  Example_setResultFail                    
0     0000b003  Example_setResultPass                    
0     0000b748  GPIO_setControllerCore                   
0     00008000  GPIO_setDirectionMode                    
0     0000b77f  GPIO_setPinConfig                        
0     0000b7b6  GPIO_setQualificationMode                
0     00008196  Interrupt_defaultHandler                 
0     00008224  Interrupt_illegalOperationHandler        
0     0000b70b  Interrupt_initModule                     
0     000080fc  Interrupt_initVectorTable                
0     0000822e  Interrupt_nmiHandler                     
0     00000123  SysCtl_delay                             
0     0000b65b  SysCtl_getDeviceParametric               
0     0000b6c3  SysCtl_selectOscSource                   
0     0000b543  SysCtl_selectXTAL                        
0     0000b33a  SysCtl_setClock                          
0     00000136  __TI_CINIT_Base                          
0     0000013a  __TI_CINIT_Limit                         
0     0000013a  __TI_CINIT_Warm                          
0     00000132  __TI_Handler_Table_Base                  
0     00000136  __TI_Handler_Table_Limit                 
1     00000500  __TI_STACK_END                           
abs   00000100  __TI_STACK_SIZE                          
0     00008061  __TI_auto_init_nobinit_nopinit           
1     0000a988  __TI_cleanup_ptr                         
0     00008031  __TI_decompress_lzss                     
0     00008249  __TI_decompress_none                     
1     0000a98a  __TI_dtors_ptr                           
1     0000a986  __TI_enable_exit_profile_output          
abs   ffffffff  __TI_pprof_out_hndl                      
abs   ffffffff  __TI_prof_data_size                      
abs   ffffffff  __TI_prof_data_start                     
0     0000b5d3  __c28xabi_divf                           
n/a   UNDEFED   __c_args__                               
0     0000b000  __error__                                
1     00000400  __stack                                  
0     0000820d  _args_main                               
0     0000817f  _c_int00                                 
1     0000a97e  _lock                                    
0     0000b7ff  _nop                                     
0     0000825a  _system_post_cinit                       
0     00008258  _system_pre_init                         
0     0000808c  abort                                    
0     00000000  code_start                               
0     0000808e  exit                                     
0     00008150  main                                     
0     0000811a  memcpy                                   


GLOBAL SYMBOLS: SORTED BY Symbol Address 

page  address   name                                     
----  -------   ----                                     
0     00000000  code_start                               
0     00000123  SysCtl_delay                             
0     00000132  __TI_Handler_Table_Base                  
0     00000136  __TI_CINIT_Base                          
0     00000136  __TI_Handler_Table_Limit                 
0     0000013a  __TI_CINIT_Limit                         
0     0000013a  __TI_CINIT_Warm                          
0     00008000  GPIO_setDirectionMode                    
0     00008031  __TI_decompress_lzss                     
0     00008061  __TI_auto_init_nobinit_nopinit           
0     0000808c  C$$EXIT                                  
0     0000808c  abort                                    
0     0000808e  exit                                     
0     000080fc  Interrupt_initVectorTable                
0     0000811a  memcpy                                   
0     00008150  main                                     
0     0000817f  _c_int00                                 
0     00008196  Interrupt_defaultHandler                 
0     0000820d  _args_main                               
0     00008224  Interrupt_illegalOperationHandler        
0     0000822e  Interrupt_nmiHandler                     
0     00008249  __TI_decompress_none                     
0     00008258  _system_pre_init                         
0     0000825a  _system_post_cinit                       
0     0000b000  __error__                                
0     0000b003  Example_setResultPass                    
0     0000b008  Example_setResultFail                    
0     0000b00d  Example_done                             
0     0000b00e  Device_enableUnbondedGPIOPullupsFor176Pin
0     0000b021  Device_enableUnbondedGPIOPullupsFor100Pin
0     0000b03e  Device_enableUnbondedGPIOPullups         
0     0000b05e  Device_initGPIO                          
0     0000b07c  Device_configureTMXAnalogTrim            
0     0000b0af  Device_enableAllPeripherals              
0     0000b18d  Device_init                              
0     0000b1ca  Device_bootCPU2                          
0     0000b33a  SysCtl_setClock                          
0     0000b543  SysCtl_selectXTAL                        
0     0000b5d3  __c28xabi_divf                           
0     0000b65b  SysCtl_getDeviceParametric               
0     0000b6c3  SysCtl_selectOscSource                   
0     0000b70b  Interrupt_initModule                     
0     0000b748  GPIO_setControllerCore                   
0     0000b77f  GPIO_setPinConfig                        
0     0000b7b6  GPIO_setQualificationMode                
0     0000b7ff  _nop                                     
1     00000400  __stack                                  
1     00000500  __TI_STACK_END                           
1     0000a97e  _lock                                    
1     0000a980  Example_Result                           
1     0000a982  Example_PassCount                        
1     0000a984  Example_Fail                             
1     0000a986  __TI_enable_exit_profile_output          
1     0000a988  __TI_cleanup_ptr                         
1     0000a98a  __TI_dtors_ptr                           
abs   00000100  __TI_STACK_SIZE                          
abs   ffffffff  __TI_pprof_out_hndl                      
abs   ffffffff  __TI_prof_data_size                      
abs   ffffffff  __TI_prof_data_start                     
n/a   UNDEFED   __c_args__                               

[60 symbols]
